<html>
<body>
<pre>
<h1>µVision Build Log</h1>
<h2>Tool Versions:</h2>
IDE-Version: ¦ÌVision V5.17.0.0
Copyright (C) 2015 ARM Ltd and ARM Germany GmbH. All rights reserved.
License Information: 1 1, 1, LIC=6XJUH-WVB0Q-C2KL6-D5XWZ-N00QN-9ZNA2
 
Tool Versions:
Toolchain:       MDK-ARM Professional  Version: 5.17
Toolchain Path:  D:\Keil_v5\ARM\ARMCC\Bin
C Compiler:      Armcc.exe V5.06 update 1 (build 61)
Assembler:       Armasm.exe V5.06 update 1 (build 61)
Linker/Locator:  ArmLink.exe V5.06 update 1 (build 61)
Library Manager: ArmAr.exe V5.06 update 1 (build 61)
Hex Converter:   FromElf.exe V5.06 update 1 (build 61)
CPU DLL:         SARMCM3.DLL V5.17
Dialog DLL:      DARMCM1.DLL V1.12.0.0
Target DLL:      Segger\JL2CM3.dll V2.99.16.0
Dialog DLL:      TARMCM1.DLL V1.9.0.0
 
<h2>Project:</h2>
C:\Users\lyq19\Desktop\SY03A\SY03A\Project\DI05A.uvprojx
Project File Date:  12/02/2018

<h2>Output:</h2>
*** Using Compiler 'V5.06 update 1 (build 61)', folder: 'D:\Keil_v5\ARM\ARMCC\Bin'
Rebuild target 'V85XX'
compiling v85xx_CodeRAM.c...
compiling v85xx_cortex.c...
compiling v85xx_LoadNVR.c...
compiling v85xx_adc_tiny.c...
compiling v85xx_adc.c...
compiling v85xx_ana.c...
compiling v85xx_clk.c...
compiling v85xx_comp.c...
compiling v85xx_crypt.c...
compiling v85xx_gpio.c...
compiling v85xx_dma.c...
compiling v85xx_flash.c...
compiling v85xx_lcd.c...
compiling v85xx_i2c.c...
compiling v85xx_iso7816.c...
compiling v85xx_misc.c...
compiling v85xx_pmu.c...
compiling v85xx_pwm.c...
compiling v85xx_rtc.c...
compiling v85xx_tmr.c...
compiling v85xx_spi.c...
compiling v85xx_u32k.c...
compiling v85xx_version.c...
compiling v85xx_uart.c...
assembling startup_V85XX.s...
startup_V85XX.s(513): warning: A1581W: Added 2 bytes of padding at address 0x1c6
compiling v85xx_wdt.c...
compiling v_stdio.c...
compiling mainproc.c...
compiling event.c...
..\Src\absacc.h(23): warning:  #1-D: last line of file ends without a newline
  #endif
..\Src\event.c: 1 warning, 0 errors
compiling Factory.c...
compiling FM17520.C...
compiling i2c.c...
compiling init.c...
..\Src\absacc.h(23): warning:  #1-D: last line of file ends without a newline
  #endif
..\Src\init.c: 1 warning, 0 errors
compiling iokey.c...
..\Src\absacc.h(23): warning:  #1-D: last line of file ends without a newline
  #endif
..\Src\iokey.c: 1 warning, 0 errors
compiling LCD.c...
..\Src\absacc.h(23): warning:  #1-D: last line of file ends without a newline
  #endif
..\Src\LCD.c(96): warning:  #177-D: variable "i" was declared but never referenced
  	unsigned char  Result,i;
..\Src\LCD.c: 2 warnings, 0 errors
compiling money.c...
..\Src\absacc.h(23): warning:  #1-D: last line of file ends without a newline
  #endif
..\Src\money.c: 1 warning, 0 errors
compiling rtc.c...
compiling tariff.c...
..\Src\absacc.h(23): warning:  #1-D: last line of file ends without a newline
  #endif
..\Src\tariff.c: 1 warning, 0 errors
compiling u7816.c...
compiling UEnergy-rn.C...
..\Src\absacc.h(23): warning:  #1-D: last line of file ends without a newline
  #endif
..\Src\UEnergy-rn.C: 1 warning, 0 errors
compiling verify.c...
..\Src\absacc.h(23): warning:  #1-D: last line of file ends without a newline
  #endif
..\Src\verify.c: 1 warning, 0 errors
compiling uartx.c...
..\Src\absacc.h(23): warning:  #1-D: last line of file ends without a newline
  #endif
..\Src\uartx.c: 1 warning, 0 errors
compiling v85xx_isr.c...
compiling Demand.c...
..\Src\absacc.h(23): warning:  #1-D: last line of file ends without a newline
  #endif
..\Src\Demand.c: 1 warning, 0 errors
compiling STS.c...
..\Src\absacc.h(23): warning:  #1-D: last line of file ends without a newline
  #endif
..\Src\STS.c: 1 warning, 0 errors
compiling ADRN7302Drive.c...
compiling ADRN7302.c...
compiling Measure.c...
..\Src\Measure.c(1098): warning:  #177-D: variable "i" was declared but never referenced
      unsigned char i;
..\Src\Measure.c(1168): warning:  #177-D: variable "i" was declared but never referenced
      unsigned char i;
..\Src\Measure.c(1169): warning:  #177-D: variable "EC_Check2" was declared but never referenced
      unsigned short EC_Check2 = 0;
..\Src\Measure.c(1170): warning:  #177-D: variable "FeeNo" was declared but never referenced
      unsigned char FeeNo;
..\Src\Measure.c(1171): warning:  #177-D: variable "PBlk" was declared but never referenced
  	  union B16_B08 PBlk;
..\Src\Measure.c: 5 warnings, 0 errors
linking...
Program Size: Code=122136 RO-data=2796 RW-data=492 ZI-data=9028  
FromELF: creating hex file...
".\output\di05a.axf" - 0 Error(s), 18 Warning(s).

<h2>Software Packages used:</h2>

Package Vendor: ARM
                http://www.keil.com/pack/ARM.CMSIS.4.5.0.pack
                ARM::CMSIS:CORE:4.3.0
                CMSIS (Cortex Microcontroller Software Interface Standard)
   * Component: CORE Version: 4.3.0

<h2>Collection of Component include folders:</h2>
  C:\Users\lyq19\Desktop\SY03A\SY03A\Project\RTE
  D:\Keil_v5\ARM\PACK\ARM\CMSIS\4.5.0\CMSIS\Include

<h2>Collection of Component Files used:</h2>

   * Component: ARM::CMSIS:CORE:4.3.0
Build Time Elapsed:  00:00:41
</pre>
</body>
</html>
