<!doctype html public "-//w3c//dtd html 4.0 transitional//en">
<html><head>
<title>Static Call Graph - [.\output\di05a.axf]</title></head>
<body><HR>
<H1>Static Call Graph for image .\output\di05a.axf</H1><HR>
<BR><P>#&#060CALLGRAPH&#062# ARM Linker, 5060061: Last Updated: Tue Feb 26 14:16:41 2019
<BR><P>
<H3>Maximum Stack Usage =       1080 bytes + Unknown(Untraceable Function Pointers)</H3><H3>
Call chain for Maximum Stack Depth:</H3>
main &rArr; Comm_Event_Proc &rArr; Uart_Proc &rArr; Yc_Money_In &rArr; OpenAddMoney &rArr; UpdataRefer_ToEe_WithMac &rArr; Price_Judge &rArr; Changecontrol_Process &rArr; Freeze_Dl &rArr; Process_Usedl &rArr; Cal_Comb &rArr; Read_Event_Point &rArr; ReadE2WithBackup &rArr; I2C_Read_Eeprom &rArr; I2C_Read_Bottom &rArr; Sendaddr &rArr; I2c_Send_Byte &rArr; Eepr_AckWr
<P>
<H3>
Function Pointers
</H3><UL>
 <LI><a href="#[1e]">ANA_IRQHandler</a> from v85xx_isr.o(i.ANA_IRQHandler) referenced from startup_v85xx.o(RESET)
 <LI><a href="#[1c]">DMA_IRQHandler</a> from v85xx_isr.o(i.DMA_IRQHandler) referenced from startup_v85xx.o(RESET)
 <LI><a href="#[1d]">FLASH_IRQHandler</a> from v85xx_isr.o(i.FLASH_IRQHandler) referenced from startup_v85xx.o(RESET)
 <LI><a href="#[2]">HardFault_Handler</a> from v85xx_isr.o(i.HardFault_Handler) referenced from startup_v85xx.o(RESET)
 <LI><a href="#[a]">I2C_IRQHandler</a> from v85xx_isr.o(i.I2C_IRQHandler) referenced from startup_v85xx.o(RESET)
 <LI><a href="#[12]">ISO78160_IRQHandler</a> from v85xx_isr.o(i.ISO78160_IRQHandler) referenced from startup_v85xx.o(RESET)
 <LI><a href="#[13]">ISO78161_IRQHandler</a> from v85xx_isr.o(i.ISO78161_IRQHandler) referenced from startup_v85xx.o(RESET)
 <LI><a href="#[1]">NMI_Handler</a> from v85xx_isr.o(i.NMI_Handler) referenced from startup_v85xx.o(RESET)
 <LI><a href="#[6]">PMU_IRQHandler</a> from v85xx_isr.o(i.PMU_IRQHandler) referenced from startup_v85xx.o(RESET)
 <LI><a href="#[18]">PWM0_IRQHandler</a> from v85xx_isr.o(i.PWM0_IRQHandler) referenced from startup_v85xx.o(RESET)
 <LI><a href="#[19]">PWM1_IRQHandler</a> from v85xx_isr.o(i.PWM1_IRQHandler) referenced from startup_v85xx.o(RESET)
 <LI><a href="#[1a]">PWM2_IRQHandler</a> from v85xx_isr.o(i.PWM2_IRQHandler) referenced from startup_v85xx.o(RESET)
 <LI><a href="#[1b]">PWM3_IRQHandler</a> from v85xx_isr.o(i.PWM3_IRQHandler) referenced from startup_v85xx.o(RESET)
 <LI><a href="#[4]">PendSV_Handler</a> from v85xx_isr.o(i.PendSV_Handler) referenced from startup_v85xx.o(RESET)
 <LI><a href="#[7]">RTC_IRQHandler</a> from v85xx_isr.o(i.RTC_IRQHandler) referenced from startup_v85xx.o(RESET)
 <LI><a href="#[0]">Reset_Handler</a> from startup_v85xx.o(.ARM.__AT_0xC0) referenced from startup_v85xx.o(RESET)
 <LI><a href="#[b]">SPI1_IRQHandler</a> from v85xx_isr.o(i.SPI1_IRQHandler) referenced from startup_v85xx.o(RESET)
 <LI><a href="#[1f]">SPI2_IRQHandler</a> from v85xx_isr.o(i.SPI2_IRQHandler) referenced from startup_v85xx.o(RESET)
 <LI><a href="#[3]">SVC_Handler</a> from v85xx_isr.o(i.SVC_Handler) referenced from startup_v85xx.o(RESET)
 <LI><a href="#[5]">SysTick_Handler</a> from v85xx_isr.o(i.SysTick_Handler) referenced from startup_v85xx.o(RESET)
 <LI><a href="#[14]">TMR0_IRQHandler</a> from v85xx_isr.o(i.TMR0_IRQHandler) referenced from startup_v85xx.o(RESET)
 <LI><a href="#[15]">TMR1_IRQHandler</a> from v85xx_isr.o(i.TMR1_IRQHandler) referenced from startup_v85xx.o(RESET)
 <LI><a href="#[16]">TMR2_IRQHandler</a> from v85xx_isr.o(i.TMR2_IRQHandler) referenced from startup_v85xx.o(RESET)
 <LI><a href="#[17]">TMR3_IRQHandler</a> from v85xx_isr.o(i.TMR3_IRQHandler) referenced from startup_v85xx.o(RESET)
 <LI><a href="#[8]">U32K0_IRQHandler</a> from v85xx_isr.o(i.U32K0_IRQHandler) referenced from startup_v85xx.o(RESET)
 <LI><a href="#[9]">U32K1_IRQHandler</a> from v85xx_isr.o(i.U32K1_IRQHandler) referenced from startup_v85xx.o(RESET)
 <LI><a href="#[c]">UART0_IRQHandler</a> from v85xx_isr.o(i.UART0_IRQHandler) referenced from startup_v85xx.o(RESET)
 <LI><a href="#[d]">UART1_IRQHandler</a> from v85xx_isr.o(i.UART1_IRQHandler) referenced from startup_v85xx.o(RESET)
 <LI><a href="#[e]">UART2_IRQHandler</a> from v85xx_isr.o(i.UART2_IRQHandler) referenced from startup_v85xx.o(RESET)
 <LI><a href="#[f]">UART3_IRQHandler</a> from v85xx_isr.o(i.UART3_IRQHandler) referenced from startup_v85xx.o(RESET)
 <LI><a href="#[10]">UART4_IRQHandler</a> from v85xx_isr.o(i.UART4_IRQHandler) referenced from startup_v85xx.o(RESET)
 <LI><a href="#[11]">UART5_IRQHandler</a> from v85xx_isr.o(i.UART5_IRQHandler) referenced from startup_v85xx.o(RESET)
 <LI><a href="#[20]">__CHIP_INIT</a> from startup_v85xx.o(.ARM.__AT_0xC0) referenced from startup_v85xx.o(.ARM.__AT_0xC0)
 <LI><a href="#[21]">__main</a> from entry.o(.ARM.Collect$$$$00000000) referenced from startup_v85xx.o(.ARM.__AT_0xC0)
 <LI><a href="#[22]">main</a> from mainproc.o(i.main) referenced from entry9a.o(.ARM.Collect$$$$0000000B)
</UL>
<P>
<H3>
Global Symbols
</H3>
<P><STRONG><a name="[0]"></a>Reset_Handler</STRONG> (Thumb, 8 bytes, Stack size 0 bytes, startup_v85xx.o(.ARM.__AT_0xC0))
<BR>[Address Reference Count : 1]<UL><LI> startup_v85xx.o(RESET)
</UL>
<P><STRONG><a name="[21]"></a>__main</STRONG> (Thumb, 0 bytes, Stack size unknown bytes, entry.o(.ARM.Collect$$$$00000000))
<BR>[Address Reference Count : 1]<UL><LI> startup_v85xx.o(.ARM.__AT_0xC0)
</UL>
<P><STRONG><a name="[1ea]"></a>_main_stk</STRONG> (Thumb, 0 bytes, Stack size unknown bytes, entry2.o(.ARM.Collect$$$$00000001))

<P><STRONG><a name="[24]"></a>_main_scatterload</STRONG> (Thumb, 0 bytes, Stack size unknown bytes, entry5.o(.ARM.Collect$$$$00000004))
<BR><BR>[Calls]<UL><LI><a href="#[25]">&gt;&gt;</a>&nbsp;&nbsp;&nbsp;__scatterload
</UL>

<P><STRONG><a name="[44]"></a>__main_after_scatterload</STRONG> (Thumb, 0 bytes, Stack size unknown bytes, entry5.o(.ARM.Collect$$$$00000004))
<BR><BR>[Called By]<UL><LI><a href="#[25]">&gt;&gt;</a>&nbsp;&nbsp;&nbsp;__scatterload
</UL>

<P><STRONG><a name="[1eb]"></a>_main_clock</STRONG> (Thumb, 0 bytes, Stack size unknown bytes, entry7b.o(.ARM.Collect$$$$00000008))

<P><STRONG><a name="[1ec]"></a>_main_cpp_init</STRONG> (Thumb, 0 bytes, Stack size unknown bytes, entry8b.o(.ARM.Collect$$$$0000000A))

<P><STRONG><a name="[1ed]"></a>_main_init</STRONG> (Thumb, 0 bytes, Stack size unknown bytes, entry9a.o(.ARM.Collect$$$$0000000B))

<P><STRONG><a name="[1ee]"></a>__rt_final_cpp</STRONG> (Thumb, 0 bytes, Stack size unknown bytes, entry10a.o(.ARM.Collect$$$$0000000D))

<P><STRONG><a name="[1ef]"></a>__rt_final_exit</STRONG> (Thumb, 0 bytes, Stack size unknown bytes, entry11a.o(.ARM.Collect$$$$0000000F))

<P><STRONG><a name="[1f0]"></a>__aeabi_uidiv</STRONG> (Thumb, 0 bytes, Stack size 12 bytes, uidiv.o(.text), UNUSED)

<P><STRONG><a name="[27]"></a>__aeabi_uidivmod</STRONG> (Thumb, 44 bytes, Stack size 12 bytes, uidiv.o(.text))
<BR><BR>[Stack]<UL><LI>Max Depth = 12<LI>Call Chain = __aeabi_uidivmod
</UL>
<BR>[Called By]<UL><LI><a href="#[7a]">&gt;&gt;</a>&nbsp;&nbsp;&nbsp;CLK_GetHCLKFreq
<LI><a href="#[7c]">&gt;&gt;</a>&nbsp;&nbsp;&nbsp;CLK_GetPCLKFreq
<LI><a href="#[4b]">&gt;&gt;</a>&nbsp;&nbsp;&nbsp;NVR_GetInfo_LoadRTCData
<LI><a href="#[1aa]">&gt;&gt;</a>&nbsp;&nbsp;&nbsp;ReadLoadRec
<LI><a href="#[dc]">&gt;&gt;</a>&nbsp;&nbsp;&nbsp;Uart_Proc
<LI><a href="#[172]">&gt;&gt;</a>&nbsp;&nbsp;&nbsp;Load_Judge
<LI><a href="#[8d]">&gt;&gt;</a>&nbsp;&nbsp;&nbsp;CalculateUseDay
<LI><a href="#[153]">&gt;&gt;</a>&nbsp;&nbsp;&nbsp;Veri_Uart_All
<LI><a href="#[107]">&gt;&gt;</a>&nbsp;&nbsp;&nbsp;HEX4_BCD4
<LI><a href="#[1cc]">&gt;&gt;</a>&nbsp;&nbsp;&nbsp;Veri_5msClk_Gen
<LI><a href="#[26]">&gt;&gt;</a>&nbsp;&nbsp;&nbsp;__aeabi_idivmod
<LI><a href="#[18b]">&gt;&gt;</a>&nbsp;&nbsp;&nbsp;PowerMeas
</UL>

<P><STRONG><a name="[1f1]"></a>__aeabi_idiv</STRONG> (Thumb, 0 bytes, Stack size 16 bytes, idiv.o(.text), UNUSED)

<P><STRONG><a name="[26]"></a>__aeabi_idivmod</STRONG> (Thumb, 40 bytes, Stack size 16 bytes, idiv.o(.text))
<BR><BR>[Stack]<UL><LI>Max Depth = 28<LI>Call Chain = __aeabi_idivmod &rArr; __aeabi_uidivmod
</UL>
<BR>[Calls]<UL><LI><a href="#[27]">&gt;&gt;</a>&nbsp;&nbsp;&nbsp;__aeabi_uidivmod
</UL>
<BR>[Called By]<UL><LI><a href="#[b4]">&gt;&gt;</a>&nbsp;&nbsp;&nbsp;FindSpecPos
<LI><a href="#[dc]">&gt;&gt;</a>&nbsp;&nbsp;&nbsp;Uart_Proc
<LI><a href="#[157]">&gt;&gt;</a>&nbsp;&nbsp;&nbsp;Timezone_Judge
<LI><a href="#[1b1]">&gt;&gt;</a>&nbsp;&nbsp;&nbsp;Relaystatus_Check
<LI><a href="#[a6]">&gt;&gt;</a>&nbsp;&nbsp;&nbsp;Lcd_Display
<LI><a href="#[ec]">&gt;&gt;</a>&nbsp;&nbsp;&nbsp;Cover_Check
<LI><a href="#[12d]">&gt;&gt;</a>&nbsp;&nbsp;&nbsp;GetDispItem
<LI><a href="#[176]">&gt;&gt;</a>&nbsp;&nbsp;&nbsp;WORD_BCD2
<LI><a href="#[55]">&gt;&gt;</a>&nbsp;&nbsp;&nbsp;Hex_To_Bcd
<LI><a href="#[120]">&gt;&gt;</a>&nbsp;&nbsp;&nbsp;Festival_holiday_Judge
<LI><a href="#[158]">&gt;&gt;</a>&nbsp;&nbsp;&nbsp;MeterParaRead
<LI><a href="#[18f]">&gt;&gt;</a>&nbsp;&nbsp;&nbsp;PowerError_Check
<LI><a href="#[167]">&gt;&gt;</a>&nbsp;&nbsp;&nbsp;Judge_Io_Status
<LI><a href="#[6c]">&gt;&gt;</a>&nbsp;&nbsp;&nbsp;Beep_Ctrl
<LI><a href="#[d3]">&gt;&gt;</a>&nbsp;&nbsp;&nbsp;CommSetRtc
<LI><a href="#[1c3]">&gt;&gt;</a>&nbsp;&nbsp;&nbsp;UpdateEepromKey
<LI><a href="#[67]">&gt;&gt;</a>&nbsp;&nbsp;&nbsp;BYTE_BCD
<LI><a href="#[90]">&gt;&gt;</a>&nbsp;&nbsp;&nbsp;Calculate_Demand
</UL>

<P><STRONG><a name="[28]"></a>__aeabi_ldivmod</STRONG> (Thumb, 76 bytes, Stack size 24 bytes, ldiv.o(.text))
<BR><BR>[Stack]<UL><LI>Max Depth = 80<LI>Call Chain = __aeabi_ldivmod &rArr; __aeabi_uldivmod &rArr; __aeabi_llsr
</UL>
<BR>[Calls]<UL><LI><a href="#[29]">&gt;&gt;</a>&nbsp;&nbsp;&nbsp;__aeabi_uldivmod
</UL>
<BR>[Called By]<UL><LI><a href="#[114]">&gt;&gt;</a>&nbsp;&nbsp;&nbsp;ParaMeasure
</UL>

<P><STRONG><a name="[1f2]"></a>___aeabi_memcpy8$move</STRONG> (Thumb, 0 bytes, Stack size 8 bytes, memmovea.o(.text), UNUSED)

<P><STRONG><a name="[5f]"></a>__aeabi_memcpy</STRONG> (Thumb, 64 bytes, Stack size 8 bytes, memmovea.o(.text))
<BR><BR>[Stack]<UL><LI>Max Depth = 8<LI>Call Chain = __aeabi_memcpy
</UL>
<BR>[Called By]<UL><LI><a href="#[98]">&gt;&gt;</a>&nbsp;&nbsp;&nbsp;RF_TxRxFrame
<LI><a href="#[19b]">&gt;&gt;</a>&nbsp;&nbsp;&nbsp;RF_Select_Tag
<LI><a href="#[192]">&gt;&gt;</a>&nbsp;&nbsp;&nbsp;RF_Anticoll
<LI><a href="#[9f]">&gt;&gt;</a>&nbsp;&nbsp;&nbsp;Inter_Authrf08
<LI><a href="#[11b]">&gt;&gt;</a>&nbsp;&nbsp;&nbsp;Factory_Init
<LI><a href="#[be]">&gt;&gt;</a>&nbsp;&nbsp;&nbsp;Wr_Powerdown_Data
<LI><a href="#[76]">&gt;&gt;</a>&nbsp;&nbsp;&nbsp;I2C_Write_Eeprom
<LI><a href="#[173]">&gt;&gt;</a>&nbsp;&nbsp;&nbsp;Read_Uip_Data
<LI><a href="#[1aa]">&gt;&gt;</a>&nbsp;&nbsp;&nbsp;ReadLoadRec
<LI><a href="#[53]">&gt;&gt;</a>&nbsp;&nbsp;&nbsp;Event_Record
<LI><a href="#[52]">&gt;&gt;</a>&nbsp;&nbsp;&nbsp;DltoEepromBuf
<LI><a href="#[dc]">&gt;&gt;</a>&nbsp;&nbsp;&nbsp;Uart_Proc
<LI><a href="#[157]">&gt;&gt;</a>&nbsp;&nbsp;&nbsp;Timezone_Judge
<LI><a href="#[dd]">&gt;&gt;</a>&nbsp;&nbsp;&nbsp;Sleep
<LI><a href="#[154]">&gt;&gt;</a>&nbsp;&nbsp;&nbsp;Read_Sysclock
<LI><a href="#[151]">&gt;&gt;</a>&nbsp;&nbsp;&nbsp;Mode_Verify
<LI><a href="#[172]">&gt;&gt;</a>&nbsp;&nbsp;&nbsp;Load_Judge
<LI><a href="#[a6]">&gt;&gt;</a>&nbsp;&nbsp;&nbsp;Lcd_Display
<LI><a href="#[fd]">&gt;&gt;</a>&nbsp;&nbsp;&nbsp;Display_Para_Verify
<LI><a href="#[1be]">&gt;&gt;</a>&nbsp;&nbsp;&nbsp;feik_Num_Verify
<LI><a href="#[1bf]">&gt;&gt;</a>&nbsp;&nbsp;&nbsp;Week_Holiday_Verify
<LI><a href="#[121]">&gt;&gt;</a>&nbsp;&nbsp;&nbsp;Sequence
<LI><a href="#[59]">&gt;&gt;</a>&nbsp;&nbsp;&nbsp;Money_Para_Verify
<LI><a href="#[8b]">&gt;&gt;</a>&nbsp;&nbsp;&nbsp;Remainmoney_Process
<LI><a href="#[bb]">&gt;&gt;</a>&nbsp;&nbsp;&nbsp;Process_Usedl
<LI><a href="#[18e]">&gt;&gt;</a>&nbsp;&nbsp;&nbsp;Pd_Histroyfreeze_Judge
<LI><a href="#[18d]">&gt;&gt;</a>&nbsp;&nbsp;&nbsp;Pd_Freeze_Judge
<LI><a href="#[8c]">&gt;&gt;</a>&nbsp;&nbsp;&nbsp;MonthDaymoney_Process
<LI><a href="#[12b]">&gt;&gt;</a>&nbsp;&nbsp;&nbsp;Hour_Freeze_Dl
<LI><a href="#[12c]">&gt;&gt;</a>&nbsp;&nbsp;&nbsp;Histroy_Freeze_Dl
<LI><a href="#[b0]">&gt;&gt;</a>&nbsp;&nbsp;&nbsp;Freeze_Dl
<LI><a href="#[125]">&gt;&gt;</a>&nbsp;&nbsp;&nbsp;FreezeMonth_Money
<LI><a href="#[122]">&gt;&gt;</a>&nbsp;&nbsp;&nbsp;FreezeDay_Money
<LI><a href="#[80]">&gt;&gt;</a>&nbsp;&nbsp;&nbsp;Cal_Comb_Usedl
<LI><a href="#[7e]">&gt;&gt;</a>&nbsp;&nbsp;&nbsp;Cal_Comb
<LI><a href="#[fb]">&gt;&gt;</a>&nbsp;&nbsp;&nbsp;Disp_Pw_Dot
<LI><a href="#[f9]">&gt;&gt;</a>&nbsp;&nbsp;&nbsp;Disp_Dl_Dot
<LI><a href="#[145]">&gt;&gt;</a>&nbsp;&nbsp;&nbsp;Init_Dayfreeze_Judge
<LI><a href="#[87]">&gt;&gt;</a>&nbsp;&nbsp;&nbsp;Calc_Pwr_Proc
<LI><a href="#[155]">&gt;&gt;</a>&nbsp;&nbsp;&nbsp;Powerd_Data_Process
<LI><a href="#[1b2]">&gt;&gt;</a>&nbsp;&nbsp;&nbsp;Reset
<LI><a href="#[df]">&gt;&gt;</a>&nbsp;&nbsp;&nbsp;Comm_Write_Reg
<LI><a href="#[de]">&gt;&gt;</a>&nbsp;&nbsp;&nbsp;Comm_Read_Reg
<LI><a href="#[1c1]">&gt;&gt;</a>&nbsp;&nbsp;&nbsp;Yc_Auth
<LI><a href="#[178]">&gt;&gt;</a>&nbsp;&nbsp;&nbsp;UpdateSysPara
<LI><a href="#[1b6]">&gt;&gt;</a>&nbsp;&nbsp;&nbsp;ShiquRecord
<LI><a href="#[1af]">&gt;&gt;</a>&nbsp;&nbsp;&nbsp;Ready_Reportdata
<LI><a href="#[1ab]">&gt;&gt;</a>&nbsp;&nbsp;&nbsp;ReadMaxDemand
<LI><a href="#[1a9]">&gt;&gt;</a>&nbsp;&nbsp;&nbsp;ReadFreezedRec
<LI><a href="#[1a6]">&gt;&gt;</a>&nbsp;&nbsp;&nbsp;Rd_Relay_Buy_Rec
<LI><a href="#[1a4]">&gt;&gt;</a>&nbsp;&nbsp;&nbsp;RdHisEvent
<LI><a href="#[168]">&gt;&gt;</a>&nbsp;&nbsp;&nbsp;Judge_Min_Space
<LI><a href="#[130]">&gt;&gt;</a>&nbsp;&nbsp;&nbsp;GetLcdNo
<LI><a href="#[104]">&gt;&gt;</a>&nbsp;&nbsp;&nbsp;Dmoney_Record
<LI><a href="#[f2]">&gt;&gt;</a>&nbsp;&nbsp;&nbsp;Decrypt
<LI><a href="#[d7]">&gt;&gt;</a>&nbsp;&nbsp;&nbsp;CommSetRtc_Adj
<LI><a href="#[d3]">&gt;&gt;</a>&nbsp;&nbsp;&nbsp;CommSetRtc
<LI><a href="#[183]">&gt;&gt;</a>&nbsp;&nbsp;&nbsp;api_Handle_key_sts_code
<LI><a href="#[191]">&gt;&gt;</a>&nbsp;&nbsp;&nbsp;ProgramRecord
<LI><a href="#[160]">&gt;&gt;</a>&nbsp;&nbsp;&nbsp;JTRecord
<LI><a href="#[119]">&gt;&gt;</a>&nbsp;&nbsp;&nbsp;FLRecord
<LI><a href="#[f3]">&gt;&gt;</a>&nbsp;&nbsp;&nbsp;WriteBinWithMac
<LI><a href="#[1c3]">&gt;&gt;</a>&nbsp;&nbsp;&nbsp;UpdateEepromKey
<LI><a href="#[1c8]">&gt;&gt;</a>&nbsp;&nbsp;&nbsp;UpdateBinFile
<LI><a href="#[186]">&gt;&gt;</a>&nbsp;&nbsp;&nbsp;Updata_Usercard_Serial
<LI><a href="#[1bc]">&gt;&gt;</a>&nbsp;&nbsp;&nbsp;UpdataRunFile
<LI><a href="#[a1]">&gt;&gt;</a>&nbsp;&nbsp;&nbsp;UpdataRefer_WithMac
<LI><a href="#[188]">&gt;&gt;</a>&nbsp;&nbsp;&nbsp;UpdataRefer_ToEe_WithMac
<LI><a href="#[184]">&gt;&gt;</a>&nbsp;&nbsp;&nbsp;Ready_Remainback
<LI><a href="#[64]">&gt;&gt;</a>&nbsp;&nbsp;&nbsp;ReadRandom
<LI><a href="#[135]">&gt;&gt;</a>&nbsp;&nbsp;&nbsp;ReadBinWithMac
<LI><a href="#[a2]">&gt;&gt;</a>&nbsp;&nbsp;&nbsp;OpenAddMoney
<LI><a href="#[17a]">&gt;&gt;</a>&nbsp;&nbsp;&nbsp;Moneybag_Process
<LI><a href="#[148]">&gt;&gt;</a>&nbsp;&nbsp;&nbsp;Init_Money
<LI><a href="#[115]">&gt;&gt;</a>&nbsp;&nbsp;&nbsp;EsamReset
<LI><a href="#[ef]">&gt;&gt;</a>&nbsp;&nbsp;&nbsp;DecreaseWithMac
<LI><a href="#[b6]">&gt;&gt;</a>&nbsp;&nbsp;&nbsp;Clear_Meter
<LI><a href="#[9e]">&gt;&gt;</a>&nbsp;&nbsp;&nbsp;Card_Esam_Proc
<LI><a href="#[9c]">&gt;&gt;</a>&nbsp;&nbsp;&nbsp;Card_Err_Record
<LI><a href="#[82]">&gt;&gt;</a>&nbsp;&nbsp;&nbsp;Cal_Mac_Pro
<LI><a href="#[70]">&gt;&gt;</a>&nbsp;&nbsp;&nbsp;Buy_Record
<LI><a href="#[61]">&gt;&gt;</a>&nbsp;&nbsp;&nbsp;Authorization
<LI><a href="#[5d]">&gt;&gt;</a>&nbsp;&nbsp;&nbsp;Auth_In_Out
<LI><a href="#[106]">&gt;&gt;</a>&nbsp;&nbsp;&nbsp;EC_RactGroup
<LI><a href="#[1a0]">&gt;&gt;</a>&nbsp;&nbsp;&nbsp;RN8302_AdjPara
<LI><a href="#[90]">&gt;&gt;</a>&nbsp;&nbsp;&nbsp;Calculate_Demand
<LI><a href="#[1e0]">&gt;&gt;</a>&nbsp;&nbsp;&nbsp;sts_process_apdu_01_test
<LI><a href="#[1e4]">&gt;&gt;</a>&nbsp;&nbsp;&nbsp;api_updata_APDU_key_var
<LI><a href="#[1e3]">&gt;&gt;</a>&nbsp;&nbsp;&nbsp;api_updata_APDU_TOKEN_Record
<LI><a href="#[1d8]">&gt;&gt;</a>&nbsp;&nbsp;&nbsp;api_Change_Key
</UL>

<P><STRONG><a name="[ea]"></a>__aeabi_memcpy4</STRONG> (Thumb, 0 bytes, Stack size 8 bytes, memmovea.o(.text))
<BR><BR>[Stack]<UL><LI>Max Depth = 8<LI>Call Chain = __aeabi_memcpy4
</UL>
<BR>[Called By]<UL><LI><a href="#[11b]">&gt;&gt;</a>&nbsp;&nbsp;&nbsp;Factory_Init
<LI><a href="#[dc]">&gt;&gt;</a>&nbsp;&nbsp;&nbsp;Uart_Proc
<LI><a href="#[a6]">&gt;&gt;</a>&nbsp;&nbsp;&nbsp;Lcd_Display
<LI><a href="#[145]">&gt;&gt;</a>&nbsp;&nbsp;&nbsp;Init_Dayfreeze_Judge
<LI><a href="#[ee]">&gt;&gt;</a>&nbsp;&nbsp;&nbsp;DecToHex_20BYTE
<LI><a href="#[e5]">&gt;&gt;</a>&nbsp;&nbsp;&nbsp;Configure_Register_Sleep
<LI><a href="#[1a6]">&gt;&gt;</a>&nbsp;&nbsp;&nbsp;Rd_Relay_Buy_Rec
</UL>

<P><STRONG><a name="[6b]"></a>__aeabi_memmove</STRONG> (Thumb, 0 bytes, Stack size 8 bytes, memmovea.o(.text))
<BR><BR>[Stack]<UL><LI>Max Depth = 8<LI>Call Chain = __aeabi_memmove
</UL>
<BR>[Called By]<UL><LI><a href="#[162]">&gt;&gt;</a>&nbsp;&nbsp;&nbsp;Sub_Bcd
<LI><a href="#[6a]">&gt;&gt;</a>&nbsp;&nbsp;&nbsp;Bcd2Hex
<LI><a href="#[4d]">&gt;&gt;</a>&nbsp;&nbsp;&nbsp;Hex2Bcd
</UL>

<P><STRONG><a name="[1f3]"></a>__aeabi_memmove4</STRONG> (Thumb, 0 bytes, Stack size 8 bytes, memmovea.o(.text), UNUSED)

<P><STRONG><a name="[1f4]"></a>__aeabi_memmove8</STRONG> (Thumb, 0 bytes, Stack size 8 bytes, memmovea.o(.text), UNUSED)

<P><STRONG><a name="[2b]"></a>__aeabi_memset</STRONG> (Thumb, 14 bytes, Stack size 0 bytes, memseta.o(.text))
<BR><BR>[Called By]<UL><LI><a href="#[9f]">&gt;&gt;</a>&nbsp;&nbsp;&nbsp;Inter_Authrf08
<LI><a href="#[11b]">&gt;&gt;</a>&nbsp;&nbsp;&nbsp;Factory_Init
<LI><a href="#[1aa]">&gt;&gt;</a>&nbsp;&nbsp;&nbsp;ReadLoadRec
<LI><a href="#[c8]">&gt;&gt;</a>&nbsp;&nbsp;&nbsp;Note_Relay_Event
<LI><a href="#[dc]">&gt;&gt;</a>&nbsp;&nbsp;&nbsp;Uart_Proc
<LI><a href="#[a6]">&gt;&gt;</a>&nbsp;&nbsp;&nbsp;Lcd_Display
<LI><a href="#[a3]">&gt;&gt;</a>&nbsp;&nbsp;&nbsp;Card_Proc
<LI><a href="#[17d]">&gt;&gt;</a>&nbsp;&nbsp;&nbsp;Openrelay
<LI><a href="#[1a9]">&gt;&gt;</a>&nbsp;&nbsp;&nbsp;ReadFreezedRec
<LI><a href="#[1a6]">&gt;&gt;</a>&nbsp;&nbsp;&nbsp;Rd_Relay_Buy_Rec
<LI><a href="#[1a4]">&gt;&gt;</a>&nbsp;&nbsp;&nbsp;RdHisEvent
<LI><a href="#[177]">&gt;&gt;</a>&nbsp;&nbsp;&nbsp;ModeChange
<LI><a href="#[191]">&gt;&gt;</a>&nbsp;&nbsp;&nbsp;ProgramRecord
<LI><a href="#[b6]">&gt;&gt;</a>&nbsp;&nbsp;&nbsp;Clear_Meter
<LI><a href="#[70]">&gt;&gt;</a>&nbsp;&nbsp;&nbsp;Buy_Record
<LI><a href="#[2c]">&gt;&gt;</a>&nbsp;&nbsp;&nbsp;_memset$wrapper
<LI><a href="#[2a]">&gt;&gt;</a>&nbsp;&nbsp;&nbsp;__aeabi_memclr
</UL>

<P><STRONG><a name="[1f5]"></a>__aeabi_memset4</STRONG> (Thumb, 0 bytes, Stack size 0 bytes, memseta.o(.text), UNUSED)

<P><STRONG><a name="[1f6]"></a>__aeabi_memset8</STRONG> (Thumb, 0 bytes, Stack size 0 bytes, memseta.o(.text), UNUSED)

<P><STRONG><a name="[2a]"></a>__aeabi_memclr</STRONG> (Thumb, 4 bytes, Stack size 0 bytes, memseta.o(.text))
<BR><BR>[Calls]<UL><LI><a href="#[2b]">&gt;&gt;</a>&nbsp;&nbsp;&nbsp;__aeabi_memset
</UL>
<BR>[Called By]<UL><LI><a href="#[11b]">&gt;&gt;</a>&nbsp;&nbsp;&nbsp;Factory_Init
<LI><a href="#[cd]">&gt;&gt;</a>&nbsp;&nbsp;&nbsp;Save_Keep_Timer
<LI><a href="#[cb]">&gt;&gt;</a>&nbsp;&nbsp;&nbsp;Clr_Otherdata
<LI><a href="#[1aa]">&gt;&gt;</a>&nbsp;&nbsp;&nbsp;ReadLoadRec
<LI><a href="#[c6]">&gt;&gt;</a>&nbsp;&nbsp;&nbsp;Note_Run_Event
<LI><a href="#[b1]">&gt;&gt;</a>&nbsp;&nbsp;&nbsp;ClearPloadRec
<LI><a href="#[dc]">&gt;&gt;</a>&nbsp;&nbsp;&nbsp;Uart_Proc
<LI><a href="#[11c]">&gt;&gt;</a>&nbsp;&nbsp;&nbsp;Temperpara_Verify
<LI><a href="#[a6]">&gt;&gt;</a>&nbsp;&nbsp;&nbsp;Lcd_Display
<LI><a href="#[e0]">&gt;&gt;</a>&nbsp;&nbsp;&nbsp;Commaddr_Verify
<LI><a href="#[147]">&gt;&gt;</a>&nbsp;&nbsp;&nbsp;Init_Demand1
<LI><a href="#[aa]">&gt;&gt;</a>&nbsp;&nbsp;&nbsp;Changecontrol_Process
<LI><a href="#[c1]">&gt;&gt;</a>&nbsp;&nbsp;&nbsp;Clear_Rand_Gene
<LI><a href="#[58]">&gt;&gt;</a>&nbsp;&nbsp;&nbsp;Remainmoney_Verify
<LI><a href="#[116]">&gt;&gt;</a>&nbsp;&nbsp;&nbsp;Esam_Para_Verify
<LI><a href="#[128]">&gt;&gt;</a>&nbsp;&nbsp;&nbsp;Freeze_Usedl
<LI><a href="#[125]">&gt;&gt;</a>&nbsp;&nbsp;&nbsp;FreezeMonth_Money
<LI><a href="#[123]">&gt;&gt;</a>&nbsp;&nbsp;&nbsp;FreezeMonth_Demand
<LI><a href="#[122]">&gt;&gt;</a>&nbsp;&nbsp;&nbsp;FreezeDay_Money
<LI><a href="#[80]">&gt;&gt;</a>&nbsp;&nbsp;&nbsp;Cal_Comb_Usedl
<LI><a href="#[7e]">&gt;&gt;</a>&nbsp;&nbsp;&nbsp;Cal_Comb
<LI><a href="#[159]">&gt;&gt;</a>&nbsp;&nbsp;&nbsp;Meter_RN7302Para_Verify
<LI><a href="#[124]">&gt;&gt;</a>&nbsp;&nbsp;&nbsp;Init_Demand
<LI><a href="#[1d9]">&gt;&gt;</a>&nbsp;&nbsp;&nbsp;api_APDU_set_key_second
<LI><a href="#[1d7]">&gt;&gt;</a>&nbsp;&nbsp;&nbsp;api_APDU_set_key_frist
<LI><a href="#[1b7]">&gt;&gt;</a>&nbsp;&nbsp;&nbsp;Store_Data
<LI><a href="#[48]">&gt;&gt;</a>&nbsp;&nbsp;&nbsp;Tx_Head
<LI><a href="#[1af]">&gt;&gt;</a>&nbsp;&nbsp;&nbsp;Ready_Reportdata
<LI><a href="#[1ab]">&gt;&gt;</a>&nbsp;&nbsp;&nbsp;ReadMaxDemand
<LI><a href="#[1a9]">&gt;&gt;</a>&nbsp;&nbsp;&nbsp;ReadFreezedRec
<LI><a href="#[1a6]">&gt;&gt;</a>&nbsp;&nbsp;&nbsp;Rd_Relay_Buy_Rec
<LI><a href="#[1a4]">&gt;&gt;</a>&nbsp;&nbsp;&nbsp;RdHisEvent
<LI><a href="#[177]">&gt;&gt;</a>&nbsp;&nbsp;&nbsp;ModeChange
<LI><a href="#[1c3]">&gt;&gt;</a>&nbsp;&nbsp;&nbsp;UpdateEepromKey
<LI><a href="#[184]">&gt;&gt;</a>&nbsp;&nbsp;&nbsp;Ready_Remainback
<LI><a href="#[17a]">&gt;&gt;</a>&nbsp;&nbsp;&nbsp;Moneybag_Process
<LI><a href="#[161]">&gt;&gt;</a>&nbsp;&nbsp;&nbsp;JudgeBuyTimes
<LI><a href="#[148]">&gt;&gt;</a>&nbsp;&nbsp;&nbsp;Init_Money
<LI><a href="#[a8]">&gt;&gt;</a>&nbsp;&nbsp;&nbsp;Clear_MeterMoney
<LI><a href="#[b6]">&gt;&gt;</a>&nbsp;&nbsp;&nbsp;Clear_Meter
<LI><a href="#[9c]">&gt;&gt;</a>&nbsp;&nbsp;&nbsp;Card_Err_Record
<LI><a href="#[60]">&gt;&gt;</a>&nbsp;&nbsp;&nbsp;CardTxRxFrame
<LI><a href="#[1dd]">&gt;&gt;</a>&nbsp;&nbsp;&nbsp;api_initialize_APDU_analyze_var
<LI><a href="#[1d8]">&gt;&gt;</a>&nbsp;&nbsp;&nbsp;api_Change_Key
</UL>

<P><STRONG><a name="[7f]"></a>__aeabi_memclr4</STRONG> (Thumb, 0 bytes, Stack size 0 bytes, memseta.o(.text))
<BR><BR>[Called By]<UL><LI><a href="#[11b]">&gt;&gt;</a>&nbsp;&nbsp;&nbsp;Factory_Init
<LI><a href="#[be]">&gt;&gt;</a>&nbsp;&nbsp;&nbsp;Wr_Powerdown_Data
<LI><a href="#[1aa]">&gt;&gt;</a>&nbsp;&nbsp;&nbsp;ReadLoadRec
<LI><a href="#[dc]">&gt;&gt;</a>&nbsp;&nbsp;&nbsp;Uart_Proc
<LI><a href="#[a6]">&gt;&gt;</a>&nbsp;&nbsp;&nbsp;Lcd_Display
<LI><a href="#[11d]">&gt;&gt;</a>&nbsp;&nbsp;&nbsp;FailKey
<LI><a href="#[8b]">&gt;&gt;</a>&nbsp;&nbsp;&nbsp;Remainmoney_Process
<LI><a href="#[bb]">&gt;&gt;</a>&nbsp;&nbsp;&nbsp;Process_Usedl
<LI><a href="#[7e]">&gt;&gt;</a>&nbsp;&nbsp;&nbsp;Cal_Comb
<LI><a href="#[16a]">&gt;&gt;</a>&nbsp;&nbsp;&nbsp;LCD_Num_Data
<LI><a href="#[ee]">&gt;&gt;</a>&nbsp;&nbsp;&nbsp;DecToHex_20BYTE
<LI><a href="#[e5]">&gt;&gt;</a>&nbsp;&nbsp;&nbsp;Configure_Register_Sleep
<LI><a href="#[102]">&gt;&gt;</a>&nbsp;&nbsp;&nbsp;Dl_Check
<LI><a href="#[178]">&gt;&gt;</a>&nbsp;&nbsp;&nbsp;UpdateSysPara
<LI><a href="#[1a9]">&gt;&gt;</a>&nbsp;&nbsp;&nbsp;ReadFreezedRec
<LI><a href="#[183]">&gt;&gt;</a>&nbsp;&nbsp;&nbsp;api_Handle_key_sts_code
<LI><a href="#[b6]">&gt;&gt;</a>&nbsp;&nbsp;&nbsp;Clear_Meter
<LI><a href="#[18b]">&gt;&gt;</a>&nbsp;&nbsp;&nbsp;PowerMeas
<LI><a href="#[15b]">&gt;&gt;</a>&nbsp;&nbsp;&nbsp;InstantPowerMeas
</UL>

<P><STRONG><a name="[1f7]"></a>__aeabi_memclr8</STRONG> (Thumb, 0 bytes, Stack size 0 bytes, memseta.o(.text), UNUSED)

<P><STRONG><a name="[2c]"></a>_memset$wrapper</STRONG> (Thumb, 18 bytes, Stack size 8 bytes, memseta.o(.text), UNUSED)
<BR><BR>[Calls]<UL><LI><a href="#[2b]">&gt;&gt;</a>&nbsp;&nbsp;&nbsp;__aeabi_memset
</UL>

<P><STRONG><a name="[94]"></a>__aeabi_uread4</STRONG> (Thumb, 20 bytes, Stack size 0 bytes, uread4.o(.text))
<BR><BR>[Called By]<UL><LI><a href="#[cd]">&gt;&gt;</a>&nbsp;&nbsp;&nbsp;Save_Keep_Timer
<LI><a href="#[dc]">&gt;&gt;</a>&nbsp;&nbsp;&nbsp;Uart_Proc
<LI><a href="#[154]">&gt;&gt;</a>&nbsp;&nbsp;&nbsp;Read_Sysclock
<LI><a href="#[8a]">&gt;&gt;</a>&nbsp;&nbsp;&nbsp;Price_Judge
<LI><a href="#[114]">&gt;&gt;</a>&nbsp;&nbsp;&nbsp;ParaMeasure
<LI><a href="#[bd]">&gt;&gt;</a>&nbsp;&nbsp;&nbsp;Mt_Alarmstatus_Judge
<LI><a href="#[a6]">&gt;&gt;</a>&nbsp;&nbsp;&nbsp;Lcd_Display
<LI><a href="#[171]">&gt;&gt;</a>&nbsp;&nbsp;&nbsp;Lcdled_Control
<LI><a href="#[169]">&gt;&gt;</a>&nbsp;&nbsp;&nbsp;Judge_Relay_Delay
<LI><a href="#[158]">&gt;&gt;</a>&nbsp;&nbsp;&nbsp;MeterParaRead
<LI><a href="#[1d4]">&gt;&gt;</a>&nbsp;&nbsp;&nbsp;api_APDU_clear_balance
<LI><a href="#[93]">&gt;&gt;</a>&nbsp;&nbsp;&nbsp;Calculate_Min
<LI><a href="#[1bd]">&gt;&gt;</a>&nbsp;&nbsp;&nbsp;Yc_Preset_Pro
<LI><a href="#[1b0]">&gt;&gt;</a>&nbsp;&nbsp;&nbsp;Relay_Ctrl
<LI><a href="#[161]">&gt;&gt;</a>&nbsp;&nbsp;&nbsp;JudgeBuyTimes
<LI><a href="#[9c]">&gt;&gt;</a>&nbsp;&nbsp;&nbsp;Card_Err_Record
<LI><a href="#[190]">&gt;&gt;</a>&nbsp;&nbsp;&nbsp;PulseCount
<LI><a href="#[18a]">&gt;&gt;</a>&nbsp;&nbsp;&nbsp;UIMeas
<LI><a href="#[19f]">&gt;&gt;</a>&nbsp;&nbsp;&nbsp;RN8302_BasicPara
<LI><a href="#[1a0]">&gt;&gt;</a>&nbsp;&nbsp;&nbsp;RN8302_AdjPara
<LI><a href="#[18b]">&gt;&gt;</a>&nbsp;&nbsp;&nbsp;PowerMeas
<LI><a href="#[15b]">&gt;&gt;</a>&nbsp;&nbsp;&nbsp;InstantPowerMeas
<LI><a href="#[1e1]">&gt;&gt;</a>&nbsp;&nbsp;&nbsp;sts_process_apdu_02_set
<LI><a href="#[1df]">&gt;&gt;</a>&nbsp;&nbsp;&nbsp;sts_process_apdu_00_purchase
<LI><a href="#[1da]">&gt;&gt;</a>&nbsp;&nbsp;&nbsp;api_APDU_set_power_limit
</UL>

<P><STRONG><a name="[1f8]"></a>__rt_uread4</STRONG> (Thumb, 0 bytes, Stack size 0 bytes, uread4.o(.text), UNUSED)

<P><STRONG><a name="[1f9]"></a>_uread4</STRONG> (Thumb, 0 bytes, Stack size 0 bytes, uread4.o(.text), UNUSED)

<P><STRONG><a name="[8f]"></a>__aeabi_uwrite4</STRONG> (Thumb, 18 bytes, Stack size 0 bytes, uwrite4.o(.text))
<BR><BR>[Called By]<UL><LI><a href="#[cb]">&gt;&gt;</a>&nbsp;&nbsp;&nbsp;Clr_Otherdata
<LI><a href="#[dc]">&gt;&gt;</a>&nbsp;&nbsp;&nbsp;Uart_Proc
<LI><a href="#[154]">&gt;&gt;</a>&nbsp;&nbsp;&nbsp;Read_Sysclock
<LI><a href="#[8a]">&gt;&gt;</a>&nbsp;&nbsp;&nbsp;Price_Judge
<LI><a href="#[c1]">&gt;&gt;</a>&nbsp;&nbsp;&nbsp;Clear_Rand_Gene
<LI><a href="#[17d]">&gt;&gt;</a>&nbsp;&nbsp;&nbsp;Openrelay
<LI><a href="#[169]">&gt;&gt;</a>&nbsp;&nbsp;&nbsp;Judge_Relay_Delay
<LI><a href="#[8d]">&gt;&gt;</a>&nbsp;&nbsp;&nbsp;CalculateUseDay
<LI><a href="#[124]">&gt;&gt;</a>&nbsp;&nbsp;&nbsp;Init_Demand
<LI><a href="#[158]">&gt;&gt;</a>&nbsp;&nbsp;&nbsp;MeterParaRead
<LI><a href="#[1d4]">&gt;&gt;</a>&nbsp;&nbsp;&nbsp;api_APDU_clear_balance
<LI><a href="#[1b7]">&gt;&gt;</a>&nbsp;&nbsp;&nbsp;Store_Data
<LI><a href="#[93]">&gt;&gt;</a>&nbsp;&nbsp;&nbsp;Calculate_Min
<LI><a href="#[6e]">&gt;&gt;</a>&nbsp;&nbsp;&nbsp;Meter_Const_Verify
<LI><a href="#[df]">&gt;&gt;</a>&nbsp;&nbsp;&nbsp;Comm_Write_Reg
<LI><a href="#[1bb]">&gt;&gt;</a>&nbsp;&nbsp;&nbsp;Terminal_Moneyin_Judge
<LI><a href="#[1b0]">&gt;&gt;</a>&nbsp;&nbsp;&nbsp;Relay_Ctrl
<LI><a href="#[177]">&gt;&gt;</a>&nbsp;&nbsp;&nbsp;ModeChange
<LI><a href="#[b9]">&gt;&gt;</a>&nbsp;&nbsp;&nbsp;Clr_Commu_Relaydata
<LI><a href="#[9c]">&gt;&gt;</a>&nbsp;&nbsp;&nbsp;Card_Err_Record
<LI><a href="#[190]">&gt;&gt;</a>&nbsp;&nbsp;&nbsp;PulseCount
<LI><a href="#[18a]">&gt;&gt;</a>&nbsp;&nbsp;&nbsp;UIMeas
<LI><a href="#[1a0]">&gt;&gt;</a>&nbsp;&nbsp;&nbsp;RN8302_AdjPara
<LI><a href="#[18b]">&gt;&gt;</a>&nbsp;&nbsp;&nbsp;PowerMeas
<LI><a href="#[15b]">&gt;&gt;</a>&nbsp;&nbsp;&nbsp;InstantPowerMeas
<LI><a href="#[90]">&gt;&gt;</a>&nbsp;&nbsp;&nbsp;Calculate_Demand
<LI><a href="#[1e0]">&gt;&gt;</a>&nbsp;&nbsp;&nbsp;sts_process_apdu_01_test
<LI><a href="#[1df]">&gt;&gt;</a>&nbsp;&nbsp;&nbsp;sts_process_apdu_00_purchase
<LI><a href="#[1da]">&gt;&gt;</a>&nbsp;&nbsp;&nbsp;api_APDU_set_power_limit
</UL>

<P><STRONG><a name="[1fa]"></a>__rt_uwrite4</STRONG> (Thumb, 0 bytes, Stack size 0 bytes, uwrite4.o(.text), UNUSED)

<P><STRONG><a name="[1fb]"></a>_uwrite4</STRONG> (Thumb, 0 bytes, Stack size 0 bytes, uwrite4.o(.text), UNUSED)

<P><STRONG><a name="[2d]"></a>__aeabi_fadd</STRONG> (Thumb, 162 bytes, Stack size 24 bytes, fadd.o(.text))
<BR><BR>[Stack]<UL><LI>Max Depth = 36<LI>Call Chain = __aeabi_fadd &rArr; _float_epilogue
</UL>
<BR>[Calls]<UL><LI><a href="#[2f]">&gt;&gt;</a>&nbsp;&nbsp;&nbsp;_float_round
<LI><a href="#[2e]">&gt;&gt;</a>&nbsp;&nbsp;&nbsp;_float_epilogue
</UL>
<BR>[Called By]<UL><LI><a href="#[30]">&gt;&gt;</a>&nbsp;&nbsp;&nbsp;__aeabi_fsub
<LI><a href="#[31]">&gt;&gt;</a>&nbsp;&nbsp;&nbsp;__aeabi_frsub
<LI><a href="#[90]">&gt;&gt;</a>&nbsp;&nbsp;&nbsp;Calculate_Demand
</UL>

<P><STRONG><a name="[30]"></a>__aeabi_fsub</STRONG> (Thumb, 8 bytes, Stack size 0 bytes, fadd.o(.text), UNUSED)
<BR><BR>[Calls]<UL><LI><a href="#[2d]">&gt;&gt;</a>&nbsp;&nbsp;&nbsp;__aeabi_fadd
</UL>

<P><STRONG><a name="[31]"></a>__aeabi_frsub</STRONG> (Thumb, 8 bytes, Stack size 0 bytes, fadd.o(.text))
<BR><BR>[Stack]<UL><LI>Max Depth = 36<LI>Call Chain = __aeabi_frsub &rArr; __aeabi_fadd &rArr; _float_epilogue
</UL>
<BR>[Calls]<UL><LI><a href="#[2d]">&gt;&gt;</a>&nbsp;&nbsp;&nbsp;__aeabi_fadd
</UL>
<BR>[Called By]<UL><LI><a href="#[1a0]">&gt;&gt;</a>&nbsp;&nbsp;&nbsp;RN8302_AdjPara
</UL>

<P><STRONG><a name="[91]"></a>__aeabi_fmul</STRONG> (Thumb, 122 bytes, Stack size 16 bytes, fmul.o(.text))
<BR><BR>[Stack]<UL><LI>Max Depth = 16<LI>Call Chain = __aeabi_fmul
</UL>
<BR>[Called By]<UL><LI><a href="#[4b]">&gt;&gt;</a>&nbsp;&nbsp;&nbsp;NVR_GetInfo_LoadRTCData
<LI><a href="#[114]">&gt;&gt;</a>&nbsp;&nbsp;&nbsp;ParaMeasure
<LI><a href="#[18a]">&gt;&gt;</a>&nbsp;&nbsp;&nbsp;UIMeas
<LI><a href="#[1a0]">&gt;&gt;</a>&nbsp;&nbsp;&nbsp;RN8302_AdjPara
<LI><a href="#[18b]">&gt;&gt;</a>&nbsp;&nbsp;&nbsp;PowerMeas
<LI><a href="#[90]">&gt;&gt;</a>&nbsp;&nbsp;&nbsp;Calculate_Demand
</UL>

<P><STRONG><a name="[32]"></a>__aeabi_fdiv</STRONG> (Thumb, 124 bytes, Stack size 16 bytes, fdiv.o(.text))
<BR><BR>[Stack]<UL><LI>Max Depth = 16<LI>Call Chain = __aeabi_fdiv
</UL>
<BR>[Calls]<UL><LI><a href="#[2f]">&gt;&gt;</a>&nbsp;&nbsp;&nbsp;_float_round
</UL>
<BR>[Called By]<UL><LI><a href="#[114]">&gt;&gt;</a>&nbsp;&nbsp;&nbsp;ParaMeasure
<LI><a href="#[8d]">&gt;&gt;</a>&nbsp;&nbsp;&nbsp;CalculateUseDay
<LI><a href="#[1a0]">&gt;&gt;</a>&nbsp;&nbsp;&nbsp;RN8302_AdjPara
<LI><a href="#[18b]">&gt;&gt;</a>&nbsp;&nbsp;&nbsp;PowerMeas
<LI><a href="#[90]">&gt;&gt;</a>&nbsp;&nbsp;&nbsp;Calculate_Demand
<LI><a href="#[83]">&gt;&gt;</a>&nbsp;&nbsp;&nbsp;Cal_Pav
</UL>

<P><STRONG><a name="[33]"></a>__aeabi_dadd</STRONG> (Thumb, 328 bytes, Stack size 48 bytes, dadd.o(.text))
<BR><BR>[Stack]<UL><LI>Max Depth = 104<LI>Call Chain = __aeabi_dadd &rArr; _double_epilogue &rArr; __aeabi_llsr
</UL>
<BR>[Calls]<UL><LI><a href="#[35]">&gt;&gt;</a>&nbsp;&nbsp;&nbsp;__aeabi_lasr
<LI><a href="#[34]">&gt;&gt;</a>&nbsp;&nbsp;&nbsp;__aeabi_llsl
<LI><a href="#[37]">&gt;&gt;</a>&nbsp;&nbsp;&nbsp;_double_round
<LI><a href="#[36]">&gt;&gt;</a>&nbsp;&nbsp;&nbsp;_double_epilogue
</UL>
<BR>[Called By]<UL><LI><a href="#[38]">&gt;&gt;</a>&nbsp;&nbsp;&nbsp;__aeabi_dsub
<LI><a href="#[4a]">&gt;&gt;</a>&nbsp;&nbsp;&nbsp;Adc_Proc
<LI><a href="#[137]">&gt;&gt;</a>&nbsp;&nbsp;&nbsp;Get_RTCTop_Proc
<LI><a href="#[39]">&gt;&gt;</a>&nbsp;&nbsp;&nbsp;__aeabi_drsub
</UL>

<P><STRONG><a name="[38]"></a>__aeabi_dsub</STRONG> (Thumb, 12 bytes, Stack size 8 bytes, dadd.o(.text))
<BR><BR>[Stack]<UL><LI>Max Depth = 112<LI>Call Chain = __aeabi_dsub &rArr; __aeabi_dadd &rArr; _double_epilogue &rArr; __aeabi_llsr
</UL>
<BR>[Calls]<UL><LI><a href="#[33]">&gt;&gt;</a>&nbsp;&nbsp;&nbsp;__aeabi_dadd
</UL>
<BR>[Called By]<UL><LI><a href="#[137]">&gt;&gt;</a>&nbsp;&nbsp;&nbsp;Get_RTCTop_Proc
</UL>

<P><STRONG><a name="[39]"></a>__aeabi_drsub</STRONG> (Thumb, 12 bytes, Stack size 8 bytes, dadd.o(.text), UNUSED)
<BR><BR>[Calls]<UL><LI><a href="#[33]">&gt;&gt;</a>&nbsp;&nbsp;&nbsp;__aeabi_dadd
</UL>

<P><STRONG><a name="[3a]"></a>__aeabi_dmul</STRONG> (Thumb, 202 bytes, Stack size 72 bytes, dmul.o(.text))
<BR><BR>[Stack]<UL><LI>Max Depth = 128<LI>Call Chain = __aeabi_dmul &rArr; _double_epilogue &rArr; __aeabi_llsr
</UL>
<BR>[Calls]<UL><LI><a href="#[36]">&gt;&gt;</a>&nbsp;&nbsp;&nbsp;_double_epilogue
</UL>
<BR>[Called By]<UL><LI><a href="#[4a]">&gt;&gt;</a>&nbsp;&nbsp;&nbsp;Adc_Proc
<LI><a href="#[158]">&gt;&gt;</a>&nbsp;&nbsp;&nbsp;MeterParaRead
<LI><a href="#[137]">&gt;&gt;</a>&nbsp;&nbsp;&nbsp;Get_RTCTop_Proc
<LI><a href="#[19f]">&gt;&gt;</a>&nbsp;&nbsp;&nbsp;RN8302_BasicPara
</UL>

<P><STRONG><a name="[3b]"></a>__aeabi_ddiv</STRONG> (Thumb, 234 bytes, Stack size 40 bytes, ddiv.o(.text))
<BR><BR>[Stack]<UL><LI>Max Depth = 48<LI>Call Chain = __aeabi_ddiv &rArr; _double_round
</UL>
<BR>[Calls]<UL><LI><a href="#[37]">&gt;&gt;</a>&nbsp;&nbsp;&nbsp;_double_round
</UL>
<BR>[Called By]<UL><LI><a href="#[137]">&gt;&gt;</a>&nbsp;&nbsp;&nbsp;Get_RTCTop_Proc
<LI><a href="#[19f]">&gt;&gt;</a>&nbsp;&nbsp;&nbsp;RN8302_BasicPara
<LI><a href="#[1a0]">&gt;&gt;</a>&nbsp;&nbsp;&nbsp;RN8302_AdjPara
</UL>

<P><STRONG><a name="[3c]"></a>__aeabi_i2f</STRONG> (Thumb, 22 bytes, Stack size 8 bytes, fflti.o(.text))
<BR><BR>[Stack]<UL><LI>Max Depth = 20<LI>Call Chain = __aeabi_i2f &rArr; _float_epilogue
</UL>
<BR>[Calls]<UL><LI><a href="#[2e]">&gt;&gt;</a>&nbsp;&nbsp;&nbsp;_float_epilogue
</UL>
<BR>[Called By]<UL><LI><a href="#[4a]">&gt;&gt;</a>&nbsp;&nbsp;&nbsp;Adc_Proc
<LI><a href="#[18b]">&gt;&gt;</a>&nbsp;&nbsp;&nbsp;PowerMeas
</UL>

<P><STRONG><a name="[3d]"></a>__aeabi_ui2f</STRONG> (Thumb, 14 bytes, Stack size 8 bytes, ffltui.o(.text))
<BR><BR>[Stack]<UL><LI>Max Depth = 20<LI>Call Chain = __aeabi_ui2f &rArr; _float_epilogue
</UL>
<BR>[Calls]<UL><LI><a href="#[2e]">&gt;&gt;</a>&nbsp;&nbsp;&nbsp;_float_epilogue
</UL>
<BR>[Called By]<UL><LI><a href="#[4b]">&gt;&gt;</a>&nbsp;&nbsp;&nbsp;NVR_GetInfo_LoadRTCData
<LI><a href="#[114]">&gt;&gt;</a>&nbsp;&nbsp;&nbsp;ParaMeasure
<LI><a href="#[4a]">&gt;&gt;</a>&nbsp;&nbsp;&nbsp;Adc_Proc
<LI><a href="#[8d]">&gt;&gt;</a>&nbsp;&nbsp;&nbsp;CalculateUseDay
<LI><a href="#[18a]">&gt;&gt;</a>&nbsp;&nbsp;&nbsp;UIMeas
<LI><a href="#[1a0]">&gt;&gt;</a>&nbsp;&nbsp;&nbsp;RN8302_AdjPara
<LI><a href="#[90]">&gt;&gt;</a>&nbsp;&nbsp;&nbsp;Calculate_Demand
<LI><a href="#[83]">&gt;&gt;</a>&nbsp;&nbsp;&nbsp;Cal_Pav
</UL>

<P><STRONG><a name="[3e]"></a>__aeabi_i2d</STRONG> (Thumb, 34 bytes, Stack size 16 bytes, dflti.o(.text))
<BR><BR>[Stack]<UL><LI>Max Depth = 72<LI>Call Chain = __aeabi_i2d &rArr; _double_epilogue &rArr; __aeabi_llsr
</UL>
<BR>[Calls]<UL><LI><a href="#[36]">&gt;&gt;</a>&nbsp;&nbsp;&nbsp;_double_epilogue
</UL>
<BR>[Called By]<UL><LI><a href="#[137]">&gt;&gt;</a>&nbsp;&nbsp;&nbsp;Get_RTCTop_Proc
</UL>

<P><STRONG><a name="[3f]"></a>__aeabi_ui2d</STRONG> (Thumb, 24 bytes, Stack size 16 bytes, dfltui.o(.text))
<BR><BR>[Stack]<UL><LI>Max Depth = 72<LI>Call Chain = __aeabi_ui2d &rArr; _double_epilogue &rArr; __aeabi_llsr
</UL>
<BR>[Calls]<UL><LI><a href="#[36]">&gt;&gt;</a>&nbsp;&nbsp;&nbsp;_double_epilogue
</UL>
<BR>[Called By]<UL><LI><a href="#[158]">&gt;&gt;</a>&nbsp;&nbsp;&nbsp;MeterParaRead
<LI><a href="#[19f]">&gt;&gt;</a>&nbsp;&nbsp;&nbsp;RN8302_BasicPara
</UL>

<P><STRONG><a name="[92]"></a>__aeabi_f2iz</STRONG> (Thumb, 50 bytes, Stack size 0 bytes, ffixi.o(.text))
<BR><BR>[Called By]<UL><LI><a href="#[4b]">&gt;&gt;</a>&nbsp;&nbsp;&nbsp;NVR_GetInfo_LoadRTCData
<LI><a href="#[90]">&gt;&gt;</a>&nbsp;&nbsp;&nbsp;Calculate_Demand
</UL>

<P><STRONG><a name="[4c]"></a>__aeabi_f2uiz</STRONG> (Thumb, 40 bytes, Stack size 0 bytes, ffixui.o(.text))
<BR><BR>[Called By]<UL><LI><a href="#[4b]">&gt;&gt;</a>&nbsp;&nbsp;&nbsp;NVR_GetInfo_LoadRTCData
<LI><a href="#[114]">&gt;&gt;</a>&nbsp;&nbsp;&nbsp;ParaMeasure
<LI><a href="#[4a]">&gt;&gt;</a>&nbsp;&nbsp;&nbsp;Adc_Proc
<LI><a href="#[8d]">&gt;&gt;</a>&nbsp;&nbsp;&nbsp;CalculateUseDay
<LI><a href="#[18a]">&gt;&gt;</a>&nbsp;&nbsp;&nbsp;UIMeas
<LI><a href="#[18b]">&gt;&gt;</a>&nbsp;&nbsp;&nbsp;PowerMeas
<LI><a href="#[83]">&gt;&gt;</a>&nbsp;&nbsp;&nbsp;Cal_Pav
</UL>

<P><STRONG><a name="[40]"></a>__aeabi_d2uiz</STRONG> (Thumb, 50 bytes, Stack size 8 bytes, dfixui.o(.text))
<BR><BR>[Stack]<UL><LI>Max Depth = 16<LI>Call Chain = __aeabi_d2uiz &rArr; __aeabi_llsr
</UL>
<BR>[Calls]<UL><LI><a href="#[41]">&gt;&gt;</a>&nbsp;&nbsp;&nbsp;__aeabi_llsr
</UL>
<BR>[Called By]<UL><LI><a href="#[4a]">&gt;&gt;</a>&nbsp;&nbsp;&nbsp;Adc_Proc
<LI><a href="#[158]">&gt;&gt;</a>&nbsp;&nbsp;&nbsp;MeterParaRead
<LI><a href="#[137]">&gt;&gt;</a>&nbsp;&nbsp;&nbsp;Get_RTCTop_Proc
<LI><a href="#[19f]">&gt;&gt;</a>&nbsp;&nbsp;&nbsp;RN8302_BasicPara
</UL>

<P><STRONG><a name="[4f]"></a>__aeabi_f2d</STRONG> (Thumb, 40 bytes, Stack size 0 bytes, f2d.o(.text))
<BR><BR>[Called By]<UL><LI><a href="#[4a]">&gt;&gt;</a>&nbsp;&nbsp;&nbsp;Adc_Proc
<LI><a href="#[137]">&gt;&gt;</a>&nbsp;&nbsp;&nbsp;Get_RTCTop_Proc
<LI><a href="#[19f]">&gt;&gt;</a>&nbsp;&nbsp;&nbsp;RN8302_BasicPara
<LI><a href="#[1a0]">&gt;&gt;</a>&nbsp;&nbsp;&nbsp;RN8302_AdjPara
</UL>

<P><STRONG><a name="[42]"></a>__aeabi_d2f</STRONG> (Thumb, 56 bytes, Stack size 8 bytes, d2f.o(.text))
<BR><BR>[Stack]<UL><LI>Max Depth = 8<LI>Call Chain = __aeabi_d2f
</UL>
<BR>[Calls]<UL><LI><a href="#[2f]">&gt;&gt;</a>&nbsp;&nbsp;&nbsp;_float_round
</UL>
<BR>[Called By]<UL><LI><a href="#[137]">&gt;&gt;</a>&nbsp;&nbsp;&nbsp;Get_RTCTop_Proc
<LI><a href="#[1a0]">&gt;&gt;</a>&nbsp;&nbsp;&nbsp;RN8302_AdjPara
</UL>

<P><STRONG><a name="[8e]"></a>__aeabi_cfcmpeq</STRONG> (Thumb, 0 bytes, Stack size 0 bytes, cfcmple.o(.text))
<BR><BR>[Called By]<UL><LI><a href="#[8d]">&gt;&gt;</a>&nbsp;&nbsp;&nbsp;CalculateUseDay
</UL>

<P><STRONG><a name="[1fc]"></a>__aeabi_cfcmple</STRONG> (Thumb, 20 bytes, Stack size 0 bytes, cfcmple.o(.text), UNUSED)

<P><STRONG><a name="[4e]"></a>__aeabi_cfrcmple</STRONG> (Thumb, 20 bytes, Stack size 0 bytes, cfrcmple.o(.text))
<BR><BR>[Called By]<UL><LI><a href="#[4a]">&gt;&gt;</a>&nbsp;&nbsp;&nbsp;Adc_Proc
<LI><a href="#[137]">&gt;&gt;</a>&nbsp;&nbsp;&nbsp;Get_RTCTop_Proc
</UL>

<P><STRONG><a name="[29]"></a>__aeabi_uldivmod</STRONG> (Thumb, 96 bytes, Stack size 48 bytes, uldiv.o(.text))
<BR><BR>[Stack]<UL><LI>Max Depth = 56<LI>Call Chain = __aeabi_uldivmod &rArr; __aeabi_llsr
</UL>
<BR>[Calls]<UL><LI><a href="#[41]">&gt;&gt;</a>&nbsp;&nbsp;&nbsp;__aeabi_llsr
<LI><a href="#[34]">&gt;&gt;</a>&nbsp;&nbsp;&nbsp;__aeabi_llsl
</UL>
<BR>[Called By]<UL><LI><a href="#[28]">&gt;&gt;</a>&nbsp;&nbsp;&nbsp;__aeabi_ldivmod
</UL>

<P><STRONG><a name="[34]"></a>__aeabi_llsl</STRONG> (Thumb, 32 bytes, Stack size 8 bytes, llshl.o(.text))
<BR><BR>[Stack]<UL><LI>Max Depth = 8<LI>Call Chain = __aeabi_llsl
</UL>
<BR>[Called By]<UL><LI><a href="#[33]">&gt;&gt;</a>&nbsp;&nbsp;&nbsp;__aeabi_dadd
<LI><a href="#[29]">&gt;&gt;</a>&nbsp;&nbsp;&nbsp;__aeabi_uldivmod
<LI><a href="#[36]">&gt;&gt;</a>&nbsp;&nbsp;&nbsp;_double_epilogue
</UL>

<P><STRONG><a name="[1fd]"></a>_ll_shift_l</STRONG> (Thumb, 0 bytes, Stack size 8 bytes, llshl.o(.text), UNUSED)

<P><STRONG><a name="[41]"></a>__aeabi_llsr</STRONG> (Thumb, 34 bytes, Stack size 8 bytes, llushr.o(.text))
<BR><BR>[Stack]<UL><LI>Max Depth = 8<LI>Call Chain = __aeabi_llsr
</UL>
<BR>[Called By]<UL><LI><a href="#[40]">&gt;&gt;</a>&nbsp;&nbsp;&nbsp;__aeabi_d2uiz
<LI><a href="#[29]">&gt;&gt;</a>&nbsp;&nbsp;&nbsp;__aeabi_uldivmod
<LI><a href="#[36]">&gt;&gt;</a>&nbsp;&nbsp;&nbsp;_double_epilogue
</UL>

<P><STRONG><a name="[1fe]"></a>_ll_ushift_r</STRONG> (Thumb, 0 bytes, Stack size 8 bytes, llushr.o(.text), UNUSED)

<P><STRONG><a name="[35]"></a>__aeabi_lasr</STRONG> (Thumb, 38 bytes, Stack size 8 bytes, llsshr.o(.text))
<BR><BR>[Stack]<UL><LI>Max Depth = 8<LI>Call Chain = __aeabi_lasr
</UL>
<BR>[Called By]<UL><LI><a href="#[33]">&gt;&gt;</a>&nbsp;&nbsp;&nbsp;__aeabi_dadd
</UL>

<P><STRONG><a name="[1ff]"></a>_ll_sshift_r</STRONG> (Thumb, 0 bytes, Stack size 8 bytes, llsshr.o(.text), UNUSED)

<P><STRONG><a name="[200]"></a>__I$use$fp</STRONG> (Thumb, 0 bytes, Stack size 0 bytes, iusefp.o(.text), UNUSED)

<P><STRONG><a name="[2f]"></a>_float_round</STRONG> (Thumb, 16 bytes, Stack size 0 bytes, fepilogue.o(.text))
<BR><BR>[Called By]<UL><LI><a href="#[42]">&gt;&gt;</a>&nbsp;&nbsp;&nbsp;__aeabi_d2f
<LI><a href="#[32]">&gt;&gt;</a>&nbsp;&nbsp;&nbsp;__aeabi_fdiv
<LI><a href="#[2d]">&gt;&gt;</a>&nbsp;&nbsp;&nbsp;__aeabi_fadd
</UL>

<P><STRONG><a name="[2e]"></a>_float_epilogue</STRONG> (Thumb, 114 bytes, Stack size 12 bytes, fepilogue.o(.text))
<BR><BR>[Stack]<UL><LI>Max Depth = 12<LI>Call Chain = _float_epilogue
</UL>
<BR>[Called By]<UL><LI><a href="#[3d]">&gt;&gt;</a>&nbsp;&nbsp;&nbsp;__aeabi_ui2f
<LI><a href="#[3c]">&gt;&gt;</a>&nbsp;&nbsp;&nbsp;__aeabi_i2f
<LI><a href="#[2d]">&gt;&gt;</a>&nbsp;&nbsp;&nbsp;__aeabi_fadd
</UL>

<P><STRONG><a name="[37]"></a>_double_round</STRONG> (Thumb, 26 bytes, Stack size 8 bytes, depilogue.o(.text))
<BR><BR>[Stack]<UL><LI>Max Depth = 8<LI>Call Chain = _double_round
</UL>
<BR>[Called By]<UL><LI><a href="#[33]">&gt;&gt;</a>&nbsp;&nbsp;&nbsp;__aeabi_dadd
<LI><a href="#[3b]">&gt;&gt;</a>&nbsp;&nbsp;&nbsp;__aeabi_ddiv
<LI><a href="#[36]">&gt;&gt;</a>&nbsp;&nbsp;&nbsp;_double_epilogue
</UL>

<P><STRONG><a name="[36]"></a>_double_epilogue</STRONG> (Thumb, 164 bytes, Stack size 48 bytes, depilogue.o(.text))
<BR><BR>[Stack]<UL><LI>Max Depth = 56<LI>Call Chain = _double_epilogue &rArr; __aeabi_llsr
</UL>
<BR>[Calls]<UL><LI><a href="#[43]">&gt;&gt;</a>&nbsp;&nbsp;&nbsp;__ARM_clz
<LI><a href="#[41]">&gt;&gt;</a>&nbsp;&nbsp;&nbsp;__aeabi_llsr
<LI><a href="#[34]">&gt;&gt;</a>&nbsp;&nbsp;&nbsp;__aeabi_llsl
<LI><a href="#[37]">&gt;&gt;</a>&nbsp;&nbsp;&nbsp;_double_round
</UL>
<BR>[Called By]<UL><LI><a href="#[3a]">&gt;&gt;</a>&nbsp;&nbsp;&nbsp;__aeabi_dmul
<LI><a href="#[33]">&gt;&gt;</a>&nbsp;&nbsp;&nbsp;__aeabi_dadd
<LI><a href="#[3e]">&gt;&gt;</a>&nbsp;&nbsp;&nbsp;__aeabi_i2d
<LI><a href="#[3f]">&gt;&gt;</a>&nbsp;&nbsp;&nbsp;__aeabi_ui2d
</UL>

<P><STRONG><a name="[25]"></a>__scatterload</STRONG> (Thumb, 28 bytes, Stack size 0 bytes, init.o(.text))
<BR><BR>[Calls]<UL><LI><a href="#[44]">&gt;&gt;</a>&nbsp;&nbsp;&nbsp;__main_after_scatterload
</UL>
<BR>[Called By]<UL><LI><a href="#[24]">&gt;&gt;</a>&nbsp;&nbsp;&nbsp;_main_scatterload
</UL>

<P><STRONG><a name="[201]"></a>__scatterload_rt2</STRONG> (Thumb, 0 bytes, Stack size 0 bytes, init.o(.text), UNUSED)

<P><STRONG><a name="[202]"></a>__decompress</STRONG> (Thumb, 0 bytes, Stack size unknown bytes, __dczerorl2.o(.text), UNUSED)

<P><STRONG><a name="[203]"></a>__decompress1</STRONG> (Thumb, 86 bytes, Stack size unknown bytes, __dczerorl2.o(.text), UNUSED)

<P><STRONG><a name="[1e]"></a>ANA_IRQHandler</STRONG> (Thumb, 2 bytes, Stack size 0 bytes, v85xx_isr.o(i.ANA_IRQHandler))
<BR>[Address Reference Count : 1]<UL><LI> startup_v85xx.o(RESET)
</UL>
<P><STRONG><a name="[45]"></a>ATT7051SPIOp</STRONG> (Thumb, 46 bytes, Stack size 16 bytes, uenergy-rn.o(i.ATT7051SPIOp))
<BR><BR>[Stack]<UL><LI>Max Depth = 80<LI>Call Chain = ATT7051SPIOp &rArr; ATT7051SPIOp_rel &rArr; EmuRegOp &rArr; SPIWriteByte
</UL>
<BR>[Calls]<UL><LI><a href="#[47]">&gt;&gt;</a>&nbsp;&nbsp;&nbsp;Clear_Wdt
<LI><a href="#[46]">&gt;&gt;</a>&nbsp;&nbsp;&nbsp;ATT7051SPIOp_rel
</UL>
<BR>[Called By]<UL><LI><a href="#[de]">&gt;&gt;</a>&nbsp;&nbsp;&nbsp;Comm_Read_Reg
</UL>

<P><STRONG><a name="[46]"></a>ATT7051SPIOp_rel</STRONG> (Thumb, 274 bytes, Stack size 24 bytes, uenergy-rn.o(i.ATT7051SPIOp_rel))
<BR><BR>[Stack]<UL><LI>Max Depth = 64<LI>Call Chain = ATT7051SPIOp_rel &rArr; EmuRegOp &rArr; SPIWriteByte
</UL>
<BR>[Calls]<UL><LI><a href="#[47]">&gt;&gt;</a>&nbsp;&nbsp;&nbsp;Clear_Wdt
<LI><a href="#[48]">&gt;&gt;</a>&nbsp;&nbsp;&nbsp;Tx_Head
<LI><a href="#[49]">&gt;&gt;</a>&nbsp;&nbsp;&nbsp;EmuRegOp
</UL>
<BR>[Called By]<UL><LI><a href="#[45]">&gt;&gt;</a>&nbsp;&nbsp;&nbsp;ATT7051SPIOp
</UL>

<P><STRONG><a name="[4a]"></a>Adc_Proc</STRONG> (Thumb, 584 bytes, Stack size 112 bytes, init.o(i.Adc_Proc))
<BR><BR>[Stack]<UL><LI>Max Depth = 512<LI>Call Chain = Adc_Proc &rArr; Event_Record &rArr; Write_Event_Point &rArr; WriteE2WithBackup &rArr; I2C_Write_Eeprom &rArr; I2C_Write_Bottom &rArr; Sendaddr &rArr; I2c_Send_Byte &rArr; Eepr_AckWr
</UL>
<BR>[Calls]<UL><LI><a href="#[4f]">&gt;&gt;</a>&nbsp;&nbsp;&nbsp;__aeabi_f2d
<LI><a href="#[3a]">&gt;&gt;</a>&nbsp;&nbsp;&nbsp;__aeabi_dmul
<LI><a href="#[33]">&gt;&gt;</a>&nbsp;&nbsp;&nbsp;__aeabi_dadd
<LI><a href="#[3d]">&gt;&gt;</a>&nbsp;&nbsp;&nbsp;__aeabi_ui2f
<LI><a href="#[4c]">&gt;&gt;</a>&nbsp;&nbsp;&nbsp;__aeabi_f2uiz
<LI><a href="#[4b]">&gt;&gt;</a>&nbsp;&nbsp;&nbsp;NVR_GetInfo_LoadRTCData
<LI><a href="#[51]">&gt;&gt;</a>&nbsp;&nbsp;&nbsp;Set_Reportdata
<LI><a href="#[50]">&gt;&gt;</a>&nbsp;&nbsp;&nbsp;Bcd_To_Hex
<LI><a href="#[53]">&gt;&gt;</a>&nbsp;&nbsp;&nbsp;Event_Record
<LI><a href="#[52]">&gt;&gt;</a>&nbsp;&nbsp;&nbsp;DltoEepromBuf
<LI><a href="#[3c]">&gt;&gt;</a>&nbsp;&nbsp;&nbsp;__aeabi_i2f
<LI><a href="#[40]">&gt;&gt;</a>&nbsp;&nbsp;&nbsp;__aeabi_d2uiz
<LI><a href="#[4e]">&gt;&gt;</a>&nbsp;&nbsp;&nbsp;__aeabi_cfrcmple
<LI><a href="#[4d]">&gt;&gt;</a>&nbsp;&nbsp;&nbsp;Hex2Bcd
</UL>
<BR>[Called By]<UL><LI><a href="#[22]">&gt;&gt;</a>&nbsp;&nbsp;&nbsp;main
</UL>

<P><STRONG><a name="[75]"></a>Add_Bcd</STRONG> (Thumb, 96 bytes, Stack size 36 bytes, rtc.o(i.Add_Bcd))
<BR><BR>[Stack]<UL><LI>Max Depth = 36<LI>Call Chain = Add_Bcd
</UL>
<BR>[Called By]<UL><LI><a href="#[181]">&gt;&gt;</a>&nbsp;&nbsp;&nbsp;Number_Add1_Direct
<LI><a href="#[8a]">&gt;&gt;</a>&nbsp;&nbsp;&nbsp;Price_Judge
<LI><a href="#[162]">&gt;&gt;</a>&nbsp;&nbsp;&nbsp;Sub_Bcd
<LI><a href="#[8b]">&gt;&gt;</a>&nbsp;&nbsp;&nbsp;Remainmoney_Process
<LI><a href="#[8c]">&gt;&gt;</a>&nbsp;&nbsp;&nbsp;MonthDaymoney_Process
<LI><a href="#[8d]">&gt;&gt;</a>&nbsp;&nbsp;&nbsp;CalculateUseDay
<LI><a href="#[87]">&gt;&gt;</a>&nbsp;&nbsp;&nbsp;Calc_Pwr_Proc
<LI><a href="#[102]">&gt;&gt;</a>&nbsp;&nbsp;&nbsp;Dl_Check
<LI><a href="#[161]">&gt;&gt;</a>&nbsp;&nbsp;&nbsp;JudgeBuyTimes
<LI><a href="#[70]">&gt;&gt;</a>&nbsp;&nbsp;&nbsp;Buy_Record
</UL>

<P><STRONG><a name="[54]"></a>Add_Min_Clock</STRONG> (Thumb, 162 bytes, Stack size 40 bytes, uartx.o(i.Add_Min_Clock))
<BR><BR>[Stack]<UL><LI>Max Depth = 108<LI>Call Chain = Add_Min_Clock &rArr; ClockAddOne &rArr; Hex_To_Bcd &rArr; __aeabi_idivmod &rArr; __aeabi_uidivmod
</UL>
<BR>[Calls]<UL><LI><a href="#[50]">&gt;&gt;</a>&nbsp;&nbsp;&nbsp;Bcd_To_Hex
<LI><a href="#[55]">&gt;&gt;</a>&nbsp;&nbsp;&nbsp;Hex_To_Bcd
<LI><a href="#[56]">&gt;&gt;</a>&nbsp;&nbsp;&nbsp;ClockAddOne
</UL>
<BR>[Called By]<UL><LI><a href="#[1aa]">&gt;&gt;</a>&nbsp;&nbsp;&nbsp;ReadLoadRec
<LI><a href="#[168]">&gt;&gt;</a>&nbsp;&nbsp;&nbsp;Judge_Min_Space
</UL>

<P><STRONG><a name="[57]"></a>Alarmstatus_Judge</STRONG> (Thumb, 422 bytes, Stack size 8 bytes, money.o(i.Alarmstatus_Judge))
<BR><BR>[Stack]<UL><LI>Max Depth = 328<LI>Call Chain = Alarmstatus_Judge &rArr; Remainmoney_Verify &rArr; Verify_para &rArr; I2C_Write_Eeprom &rArr; I2C_Write_Bottom &rArr; Sendaddr &rArr; I2c_Send_Byte &rArr; Eepr_AckWr
</UL>
<BR>[Calls]<UL><LI><a href="#[5c]">&gt;&gt;</a>&nbsp;&nbsp;&nbsp;Store_Meterstatus
<LI><a href="#[51]">&gt;&gt;</a>&nbsp;&nbsp;&nbsp;Set_Reportdata
<LI><a href="#[5a]">&gt;&gt;</a>&nbsp;&nbsp;&nbsp;ChkBufZero
<LI><a href="#[58]">&gt;&gt;</a>&nbsp;&nbsp;&nbsp;Remainmoney_Verify
<LI><a href="#[59]">&gt;&gt;</a>&nbsp;&nbsp;&nbsp;Money_Para_Verify
<LI><a href="#[5b]">&gt;&gt;</a>&nbsp;&nbsp;&nbsp;Cmp_DataLH
</UL>
<BR>[Called By]<UL><LI><a href="#[dc]">&gt;&gt;</a>&nbsp;&nbsp;&nbsp;Uart_Proc
<LI><a href="#[bd]">&gt;&gt;</a>&nbsp;&nbsp;&nbsp;Mt_Alarmstatus_Judge
<LI><a href="#[a3]">&gt;&gt;</a>&nbsp;&nbsp;&nbsp;Card_Proc
<LI><a href="#[1bd]">&gt;&gt;</a>&nbsp;&nbsp;&nbsp;Yc_Preset_Pro
<LI><a href="#[1c2]">&gt;&gt;</a>&nbsp;&nbsp;&nbsp;Yc_Money_In
<LI><a href="#[177]">&gt;&gt;</a>&nbsp;&nbsp;&nbsp;ModeChange
</UL>

<P><STRONG><a name="[5d]"></a>Auth_In_Out</STRONG> (Thumb, 74 bytes, Stack size 32 bytes, u7816.o(i.Auth_In_Out))
<BR><BR>[Stack]<UL><LI>Max Depth = 216<LI>Call Chain = Auth_In_Out &rArr; CardTxRxFrame &rArr; RF_TxRxFrame &rArr; RF_Command_Send &rArr; Test_Command_Send &rArr; RF_Set_Reg &rArr; RF_Reg_RW &rArr; RF_Spi_Com
</UL>
<BR>[Calls]<UL><LI><a href="#[5e]">&gt;&gt;</a>&nbsp;&nbsp;&nbsp;RxTxCommhead
<LI><a href="#[60]">&gt;&gt;</a>&nbsp;&nbsp;&nbsp;CardTxRxFrame
<LI><a href="#[5f]">&gt;&gt;</a>&nbsp;&nbsp;&nbsp;__aeabi_memcpy
</UL>
<BR>[Called By]<UL><LI><a href="#[dc]">&gt;&gt;</a>&nbsp;&nbsp;&nbsp;Uart_Proc
<LI><a href="#[61]">&gt;&gt;</a>&nbsp;&nbsp;&nbsp;Authorization
</UL>

<P><STRONG><a name="[61]"></a>Authorization</STRONG> (Thumb, 118 bytes, Stack size 16 bytes, u7816.o(i.Authorization))
<BR><BR>[Stack]<UL><LI>Max Depth = 232<LI>Call Chain = Authorization &rArr; Auth_In_Out &rArr; CardTxRxFrame &rArr; RF_TxRxFrame &rArr; RF_Command_Send &rArr; Test_Command_Send &rArr; RF_Set_Reg &rArr; RF_Reg_RW &rArr; RF_Spi_Com
</UL>
<BR>[Calls]<UL><LI><a href="#[63]">&gt;&gt;</a>&nbsp;&nbsp;&nbsp;Cmp_Data
<LI><a href="#[62]">&gt;&gt;</a>&nbsp;&nbsp;&nbsp;Read_Kx
<LI><a href="#[64]">&gt;&gt;</a>&nbsp;&nbsp;&nbsp;ReadRandom
<LI><a href="#[5d]">&gt;&gt;</a>&nbsp;&nbsp;&nbsp;Auth_In_Out
<LI><a href="#[5f]">&gt;&gt;</a>&nbsp;&nbsp;&nbsp;__aeabi_memcpy
</UL>
<BR>[Called By]<UL><LI><a href="#[dc]">&gt;&gt;</a>&nbsp;&nbsp;&nbsp;Uart_Proc
<LI><a href="#[1c1]">&gt;&gt;</a>&nbsp;&nbsp;&nbsp;Yc_Auth
</UL>

<P><STRONG><a name="[65]"></a>BCD4_HEX4</STRONG> (Thumb, 52 bytes, Stack size 16 bytes, adrn7302.o(i.BCD4_HEX4))
<BR><BR>[Stack]<UL><LI>Max Depth = 16<LI>Call Chain = BCD4_HEX4
</UL>
<BR>[Calls]<UL><LI><a href="#[66]">&gt;&gt;</a>&nbsp;&nbsp;&nbsp;BCD_BYTE
</UL>
<BR>[Called By]<UL><LI><a href="#[106]">&gt;&gt;</a>&nbsp;&nbsp;&nbsp;EC_RactGroup
</UL>

<P><STRONG><a name="[66]"></a>BCD_BYTE</STRONG> (Thumb, 20 bytes, Stack size 0 bytes, adrn7302.o(i.BCD_BYTE))
<BR><BR>[Called By]<UL><LI><a href="#[65]">&gt;&gt;</a>&nbsp;&nbsp;&nbsp;BCD4_HEX4
</UL>

<P><STRONG><a name="[67]"></a>BYTE_BCD</STRONG> (Thumb, 36 bytes, Stack size 16 bytes, adrn7302.o(i.BYTE_BCD))
<BR><BR>[Stack]<UL><LI>Max Depth = 44<LI>Call Chain = BYTE_BCD &rArr; __aeabi_idivmod &rArr; __aeabi_uidivmod
</UL>
<BR>[Calls]<UL><LI><a href="#[26]">&gt;&gt;</a>&nbsp;&nbsp;&nbsp;__aeabi_idivmod
</UL>
<BR>[Called By]<UL><LI><a href="#[176]">&gt;&gt;</a>&nbsp;&nbsp;&nbsp;WORD_BCD2
</UL>

<P><STRONG><a name="[68]"></a>Backup_Para_7051</STRONG> (Thumb, 30 bytes, Stack size 8 bytes, uenergy-rn.o(i.Backup_Para_7051))
<BR><BR>[Stack]<UL><LI>Max Depth = 320<LI>Call Chain = Backup_Para_7051 &rArr; WriteE2WithBackup &rArr; I2C_Write_Eeprom &rArr; I2C_Write_Bottom &rArr; Sendaddr &rArr; I2c_Send_Byte &rArr; Eepr_AckWr
</UL>
<BR>[Calls]<UL><LI><a href="#[69]">&gt;&gt;</a>&nbsp;&nbsp;&nbsp;WriteE2WithBackup
</UL>
<BR>[Called By]<UL><LI><a href="#[df]">&gt;&gt;</a>&nbsp;&nbsp;&nbsp;Comm_Write_Reg
</UL>

<P><STRONG><a name="[6a]"></a>Bcd2Hex</STRONG> (Thumb, 276 bytes, Stack size 56 bytes, rtc.o(i.Bcd2Hex))
<BR><BR>[Stack]<UL><LI>Max Depth = 64<LI>Call Chain = Bcd2Hex &rArr; __aeabi_memmove
</UL>
<BR>[Calls]<UL><LI><a href="#[6b]">&gt;&gt;</a>&nbsp;&nbsp;&nbsp;__aeabi_memmove
</UL>
<BR>[Called By]<UL><LI><a href="#[dc]">&gt;&gt;</a>&nbsp;&nbsp;&nbsp;Uart_Proc
<LI><a href="#[8a]">&gt;&gt;</a>&nbsp;&nbsp;&nbsp;Price_Judge
<LI><a href="#[96]">&gt;&gt;</a>&nbsp;&nbsp;&nbsp;Calculate_Timer
<LI><a href="#[8d]">&gt;&gt;</a>&nbsp;&nbsp;&nbsp;CalculateUseDay
<LI><a href="#[7d]">&gt;&gt;</a>&nbsp;&nbsp;&nbsp;CalZhuhe
<LI><a href="#[1bc]">&gt;&gt;</a>&nbsp;&nbsp;&nbsp;UpdataRunFile
<LI><a href="#[17a]">&gt;&gt;</a>&nbsp;&nbsp;&nbsp;Moneybag_Process
</UL>

<P><STRONG><a name="[50]"></a>Bcd_To_Hex</STRONG> (Thumb, 22 bytes, Stack size 0 bytes, rtc.o(i.Bcd_To_Hex))
<BR><BR>[Called By]<UL><LI><a href="#[54]">&gt;&gt;</a>&nbsp;&nbsp;&nbsp;Add_Min_Clock
<LI><a href="#[1aa]">&gt;&gt;</a>&nbsp;&nbsp;&nbsp;ReadLoadRec
<LI><a href="#[85]">&gt;&gt;</a>&nbsp;&nbsp;&nbsp;CalcAbsMin
<LI><a href="#[84]">&gt;&gt;</a>&nbsp;&nbsp;&nbsp;CalcAbsDay
<LI><a href="#[dc]">&gt;&gt;</a>&nbsp;&nbsp;&nbsp;Uart_Proc
<LI><a href="#[157]">&gt;&gt;</a>&nbsp;&nbsp;&nbsp;Timezone_Judge
<LI><a href="#[172]">&gt;&gt;</a>&nbsp;&nbsp;&nbsp;Load_Judge
<LI><a href="#[ec]">&gt;&gt;</a>&nbsp;&nbsp;&nbsp;Cover_Check
<LI><a href="#[4a]">&gt;&gt;</a>&nbsp;&nbsp;&nbsp;Adc_Proc
<LI><a href="#[e4]">&gt;&gt;</a>&nbsp;&nbsp;&nbsp;Config_Shiduan_Process
<LI><a href="#[145]">&gt;&gt;</a>&nbsp;&nbsp;&nbsp;Init_Dayfreeze_Judge
<LI><a href="#[120]">&gt;&gt;</a>&nbsp;&nbsp;&nbsp;Festival_holiday_Judge
<LI><a href="#[155]">&gt;&gt;</a>&nbsp;&nbsp;&nbsp;Powerd_Data_Process
<LI><a href="#[1b7]">&gt;&gt;</a>&nbsp;&nbsp;&nbsp;Store_Data
<LI><a href="#[1b2]">&gt;&gt;</a>&nbsp;&nbsp;&nbsp;Reset
<LI><a href="#[56]">&gt;&gt;</a>&nbsp;&nbsp;&nbsp;ClockAddOne
</UL>

<P><STRONG><a name="[6c]"></a>Beep_Ctrl</STRONG> (Thumb, 96 bytes, Stack size 8 bytes, v85xx_isr.o(i.Beep_Ctrl))
<BR><BR>[Stack]<UL><LI>Max Depth = 36<LI>Call Chain = Beep_Ctrl &rArr; __aeabi_idivmod &rArr; __aeabi_uidivmod
</UL>
<BR>[Calls]<UL><LI><a href="#[26]">&gt;&gt;</a>&nbsp;&nbsp;&nbsp;__aeabi_idivmod
</UL>
<BR>[Called By]<UL><LI><a href="#[14]">&gt;&gt;</a>&nbsp;&nbsp;&nbsp;TMR0_IRQHandler
</UL>

<P><STRONG><a name="[1a7]"></a>BitValue</STRONG> (Thumb, 38 bytes, Stack size 12 bytes, uartx.o(i.BitValue))
<BR><BR>[Stack]<UL><LI>Max Depth = 12<LI>Call Chain = BitValue
</UL>
<BR>[Called By]<UL><LI><a href="#[1a6]">&gt;&gt;</a>&nbsp;&nbsp;&nbsp;Rd_Relay_Buy_Rec
</UL>

<P><STRONG><a name="[6d]"></a>Bkdl_Verify</STRONG> (Thumb, 32 bytes, Stack size 8 bytes, verify.o(i.Bkdl_Verify))
<BR><BR>[Stack]<UL><LI>Max Depth = 320<LI>Call Chain = Bkdl_Verify &rArr; Verify_Dl &rArr; I2C_Write_Eeprom &rArr; I2C_Write_Bottom &rArr; Sendaddr &rArr; I2c_Send_Byte &rArr; Eepr_AckWr
</UL>
<BR>[Calls]<UL><LI><a href="#[6f]">&gt;&gt;</a>&nbsp;&nbsp;&nbsp;Verify_Dl
<LI><a href="#[6e]">&gt;&gt;</a>&nbsp;&nbsp;&nbsp;Meter_Const_Verify
</UL>
<BR>[Called By]<UL><LI><a href="#[149]">&gt;&gt;</a>&nbsp;&nbsp;&nbsp;Init_System
<LI><a href="#[1b3]">&gt;&gt;</a>&nbsp;&nbsp;&nbsp;Sclock_Event_Proc
<LI><a href="#[128]">&gt;&gt;</a>&nbsp;&nbsp;&nbsp;Freeze_Usedl
<LI><a href="#[87]">&gt;&gt;</a>&nbsp;&nbsp;&nbsp;Calc_Pwr_Proc
</UL>

<P><STRONG><a name="[70]"></a>Buy_Record</STRONG> (Thumb, 142 bytes, Stack size 16 bytes, u7816.o(i.Buy_Record))
<BR><BR>[Stack]<UL><LI>Max Depth = 416<LI>Call Chain = Buy_Record &rArr; Event_Record &rArr; Write_Event_Point &rArr; WriteE2WithBackup &rArr; I2C_Write_Eeprom &rArr; I2C_Write_Bottom &rArr; Sendaddr &rArr; I2c_Send_Byte &rArr; Eepr_AckWr
</UL>
<BR>[Calls]<UL><LI><a href="#[76]">&gt;&gt;</a>&nbsp;&nbsp;&nbsp;I2C_Write_Eeprom
<LI><a href="#[72]">&gt;&gt;</a>&nbsp;&nbsp;&nbsp;I2C_Read_Eeprom
<LI><a href="#[75]">&gt;&gt;</a>&nbsp;&nbsp;&nbsp;Add_Bcd
<LI><a href="#[71]">&gt;&gt;</a>&nbsp;&nbsp;&nbsp;Read_Event_Point
<LI><a href="#[74]">&gt;&gt;</a>&nbsp;&nbsp;&nbsp;RdRecTimes
<LI><a href="#[53]">&gt;&gt;</a>&nbsp;&nbsp;&nbsp;Event_Record
<LI><a href="#[73]">&gt;&gt;</a>&nbsp;&nbsp;&nbsp;GetBuyTimes2Byte
<LI><a href="#[2b]">&gt;&gt;</a>&nbsp;&nbsp;&nbsp;__aeabi_memset
<LI><a href="#[5f]">&gt;&gt;</a>&nbsp;&nbsp;&nbsp;__aeabi_memcpy
</UL>
<BR>[Called By]<UL><LI><a href="#[104]">&gt;&gt;</a>&nbsp;&nbsp;&nbsp;Dmoney_Record
<LI><a href="#[179]">&gt;&gt;</a>&nbsp;&nbsp;&nbsp;MoneyIn
<LI><a href="#[b6]">&gt;&gt;</a>&nbsp;&nbsp;&nbsp;Clear_Meter
</UL>

<P><STRONG><a name="[77]"></a>CLK_ClockConfig</STRONG> (Thumb, 954 bytes, Stack size 16 bytes, v85xx_clk.o(i.CLK_ClockConfig))
<BR><BR>[Stack]<UL><LI>Max Depth = 40<LI>Call Chain = CLK_ClockConfig &rArr; RTC_PrescalerConfig &rArr; RTC_WriteProtection
</UL>
<BR>[Calls]<UL><LI><a href="#[79]">&gt;&gt;</a>&nbsp;&nbsp;&nbsp;RTC_PrescalerConfig
<LI><a href="#[78]">&gt;&gt;</a>&nbsp;&nbsp;&nbsp;assert_errhandler
</UL>
<BR>[Called By]<UL><LI><a href="#[c3]">&gt;&gt;</a>&nbsp;&nbsp;&nbsp;Clock_Init
</UL>

<P><STRONG><a name="[7a]"></a>CLK_GetHCLKFreq</STRONG> (Thumb, 478 bytes, Stack size 32 bytes, v85xx_clk.o(i.CLK_GetHCLKFreq))
<BR><BR>[Stack]<UL><LI>Max Depth = 44<LI>Call Chain = CLK_GetHCLKFreq &rArr; __aeabi_uidivmod
</UL>
<BR>[Calls]<UL><LI><a href="#[7b]">&gt;&gt;</a>&nbsp;&nbsp;&nbsp;__ARM_common_switch8
<LI><a href="#[27]">&gt;&gt;</a>&nbsp;&nbsp;&nbsp;__aeabi_uidivmod
</UL>
<BR>[Called By]<UL><LI><a href="#[7c]">&gt;&gt;</a>&nbsp;&nbsp;&nbsp;CLK_GetPCLKFreq
</UL>

<P><STRONG><a name="[7c]"></a>CLK_GetPCLKFreq</STRONG> (Thumb, 24 bytes, Stack size 8 bytes, v85xx_clk.o(i.CLK_GetPCLKFreq))
<BR><BR>[Stack]<UL><LI>Max Depth = 52<LI>Call Chain = CLK_GetPCLKFreq &rArr; CLK_GetHCLKFreq &rArr; __aeabi_uidivmod
</UL>
<BR>[Calls]<UL><LI><a href="#[7a]">&gt;&gt;</a>&nbsp;&nbsp;&nbsp;CLK_GetHCLKFreq
<LI><a href="#[27]">&gt;&gt;</a>&nbsp;&nbsp;&nbsp;__aeabi_uidivmod
</UL>
<BR>[Called By]<UL><LI><a href="#[4b]">&gt;&gt;</a>&nbsp;&nbsp;&nbsp;NVR_GetInfo_LoadRTCData
<LI><a href="#[153]">&gt;&gt;</a>&nbsp;&nbsp;&nbsp;Veri_Uart_All
<LI><a href="#[1cc]">&gt;&gt;</a>&nbsp;&nbsp;&nbsp;Veri_5msClk_Gen
</UL>

<P><STRONG><a name="[b5]"></a>CalRecTimes</STRONG> (Thumb, 28 bytes, Stack size 0 bytes, event.o(i.CalRecTimes))
<BR><BR>[Called By]<UL><LI><a href="#[1aa]">&gt;&gt;</a>&nbsp;&nbsp;&nbsp;ReadLoadRec
<LI><a href="#[b4]">&gt;&gt;</a>&nbsp;&nbsp;&nbsp;FindSpecPos
<LI><a href="#[b1]">&gt;&gt;</a>&nbsp;&nbsp;&nbsp;ClearPloadRec
</UL>

<P><STRONG><a name="[b3]"></a>CalStAddr</STRONG> (Thumb, 26 bytes, Stack size 0 bytes, event.o(i.CalStAddr))
<BR><BR>[Called By]<UL><LI><a href="#[1aa]">&gt;&gt;</a>&nbsp;&nbsp;&nbsp;ReadLoadRec
<LI><a href="#[b4]">&gt;&gt;</a>&nbsp;&nbsp;&nbsp;FindSpecPos
<LI><a href="#[b1]">&gt;&gt;</a>&nbsp;&nbsp;&nbsp;ClearPloadRec
</UL>

<P><STRONG><a name="[7d]"></a>CalZhuhe</STRONG> (Thumb, 202 bytes, Stack size 40 bytes, uartx.o(i.CalZhuhe))
<BR><BR>[Stack]<UL><LI>Max Depth = 104<LI>Call Chain = CalZhuhe &rArr; Bcd2Hex &rArr; __aeabi_memmove
</UL>
<BR>[Calls]<UL><LI><a href="#[6a]">&gt;&gt;</a>&nbsp;&nbsp;&nbsp;Bcd2Hex
<LI><a href="#[4d]">&gt;&gt;</a>&nbsp;&nbsp;&nbsp;Hex2Bcd
</UL>
<BR>[Called By]<UL><LI><a href="#[80]">&gt;&gt;</a>&nbsp;&nbsp;&nbsp;Cal_Comb_Usedl
<LI><a href="#[7e]">&gt;&gt;</a>&nbsp;&nbsp;&nbsp;Cal_Comb
</UL>

<P><STRONG><a name="[17b]"></a>Cal_ChkSum</STRONG> (Thumb, 28 bytes, Stack size 8 bytes, uartx.o(i.Cal_ChkSum))
<BR><BR>[Stack]<UL><LI>Max Depth = 8<LI>Call Chain = Cal_ChkSum
</UL>
<BR>[Called By]<UL><LI><a href="#[dc]">&gt;&gt;</a>&nbsp;&nbsp;&nbsp;Uart_Proc
<LI><a href="#[1a6]">&gt;&gt;</a>&nbsp;&nbsp;&nbsp;Rd_Relay_Buy_Rec
<LI><a href="#[1bc]">&gt;&gt;</a>&nbsp;&nbsp;&nbsp;UpdataRunFile
<LI><a href="#[17a]">&gt;&gt;</a>&nbsp;&nbsp;&nbsp;Moneybag_Process
</UL>

<P><STRONG><a name="[7e]"></a>Cal_Comb</STRONG> (Thumb, 436 bytes, Stack size 128 bytes, uartx.o(i.Cal_Comb))
<BR><BR>[Stack]<UL><LI>Max Depth = 416<LI>Call Chain = Cal_Comb &rArr; Read_Event_Point &rArr; ReadE2WithBackup &rArr; I2C_Read_Eeprom &rArr; I2C_Read_Bottom &rArr; Sendaddr &rArr; I2c_Send_Byte &rArr; Eepr_AckWr
</UL>
<BR>[Calls]<UL><LI><a href="#[72]">&gt;&gt;</a>&nbsp;&nbsp;&nbsp;I2C_Read_Eeprom
<LI><a href="#[71]">&gt;&gt;</a>&nbsp;&nbsp;&nbsp;Read_Event_Point
<LI><a href="#[74]">&gt;&gt;</a>&nbsp;&nbsp;&nbsp;RdRecTimes
<LI><a href="#[7d]">&gt;&gt;</a>&nbsp;&nbsp;&nbsp;CalZhuhe
<LI><a href="#[7f]">&gt;&gt;</a>&nbsp;&nbsp;&nbsp;__aeabi_memclr4
<LI><a href="#[2a]">&gt;&gt;</a>&nbsp;&nbsp;&nbsp;__aeabi_memclr
<LI><a href="#[5f]">&gt;&gt;</a>&nbsp;&nbsp;&nbsp;__aeabi_memcpy
</UL>
<BR>[Called By]<UL><LI><a href="#[dc]">&gt;&gt;</a>&nbsp;&nbsp;&nbsp;Uart_Proc
<LI><a href="#[a6]">&gt;&gt;</a>&nbsp;&nbsp;&nbsp;Lcd_Display
<LI><a href="#[bb]">&gt;&gt;</a>&nbsp;&nbsp;&nbsp;Process_Usedl
<LI><a href="#[80]">&gt;&gt;</a>&nbsp;&nbsp;&nbsp;Cal_Comb_Usedl
<LI><a href="#[1b7]">&gt;&gt;</a>&nbsp;&nbsp;&nbsp;Store_Data
</UL>

<P><STRONG><a name="[80]"></a>Cal_Comb_Usedl</STRONG> (Thumb, 202 bytes, Stack size 88 bytes, uartx.o(i.Cal_Comb_Usedl))
<BR><BR>[Stack]<UL><LI>Max Depth = 504<LI>Call Chain = Cal_Comb_Usedl &rArr; Cal_Comb &rArr; Read_Event_Point &rArr; ReadE2WithBackup &rArr; I2C_Read_Eeprom &rArr; I2C_Read_Bottom &rArr; Sendaddr &rArr; I2c_Send_Byte &rArr; Eepr_AckWr
</UL>
<BR>[Calls]<UL><LI><a href="#[72]">&gt;&gt;</a>&nbsp;&nbsp;&nbsp;I2C_Read_Eeprom
<LI><a href="#[81]">&gt;&gt;</a>&nbsp;&nbsp;&nbsp;Inverse
<LI><a href="#[7e]">&gt;&gt;</a>&nbsp;&nbsp;&nbsp;Cal_Comb
<LI><a href="#[7d]">&gt;&gt;</a>&nbsp;&nbsp;&nbsp;CalZhuhe
<LI><a href="#[2a]">&gt;&gt;</a>&nbsp;&nbsp;&nbsp;__aeabi_memclr
<LI><a href="#[5f]">&gt;&gt;</a>&nbsp;&nbsp;&nbsp;__aeabi_memcpy
</UL>
<BR>[Called By]<UL><LI><a href="#[dc]">&gt;&gt;</a>&nbsp;&nbsp;&nbsp;Uart_Proc
<LI><a href="#[a6]">&gt;&gt;</a>&nbsp;&nbsp;&nbsp;Lcd_Display
</UL>

<P><STRONG><a name="[82]"></a>Cal_Mac_Pro</STRONG> (Thumb, 66 bytes, Stack size 24 bytes, u7816.o(i.Cal_Mac_Pro))
<BR><BR>[Stack]<UL><LI>Max Depth = 232<LI>Call Chain = Cal_Mac_Pro &rArr; Read_Kx &rArr; CardTxRxFrame &rArr; RF_TxRxFrame &rArr; RF_Command_Send &rArr; Test_Command_Send &rArr; RF_Set_Reg &rArr; RF_Reg_RW &rArr; RF_Spi_Com
</UL>
<BR>[Calls]<UL><LI><a href="#[5e]">&gt;&gt;</a>&nbsp;&nbsp;&nbsp;RxTxCommhead
<LI><a href="#[62]">&gt;&gt;</a>&nbsp;&nbsp;&nbsp;Read_Kx
<LI><a href="#[60]">&gt;&gt;</a>&nbsp;&nbsp;&nbsp;CardTxRxFrame
<LI><a href="#[5f]">&gt;&gt;</a>&nbsp;&nbsp;&nbsp;__aeabi_memcpy
</UL>
<BR>[Called By]<UL><LI><a href="#[dc]">&gt;&gt;</a>&nbsp;&nbsp;&nbsp;Uart_Proc
</UL>

<P><STRONG><a name="[83]"></a>Cal_Pav</STRONG> (Thumb, 64 bytes, Stack size 16 bytes, demand.o(i.Cal_Pav))
<BR><BR>[Stack]<UL><LI>Max Depth = 80<LI>Call Chain = Cal_Pav &rArr; Hex2Bcd &rArr; __aeabi_memmove
</UL>
<BR>[Calls]<UL><LI><a href="#[3d]">&gt;&gt;</a>&nbsp;&nbsp;&nbsp;__aeabi_ui2f
<LI><a href="#[4c]">&gt;&gt;</a>&nbsp;&nbsp;&nbsp;__aeabi_f2uiz
<LI><a href="#[32]">&gt;&gt;</a>&nbsp;&nbsp;&nbsp;__aeabi_fdiv
<LI><a href="#[4d]">&gt;&gt;</a>&nbsp;&nbsp;&nbsp;Hex2Bcd
</UL>
<BR>[Called By]<UL><LI><a href="#[f8]">&gt;&gt;</a>&nbsp;&nbsp;&nbsp;Demand_Process
</UL>

<P><STRONG><a name="[84]"></a>CalcAbsDay</STRONG> (Thumb, 78 bytes, Stack size 24 bytes, event.o(i.CalcAbsDay))
<BR><BR>[Stack]<UL><LI>Max Depth = 24<LI>Call Chain = CalcAbsDay
</UL>
<BR>[Calls]<UL><LI><a href="#[50]">&gt;&gt;</a>&nbsp;&nbsp;&nbsp;Bcd_To_Hex
</UL>
<BR>[Called By]<UL><LI><a href="#[86]">&gt;&gt;</a>&nbsp;&nbsp;&nbsp;CalcTime
<LI><a href="#[d3]">&gt;&gt;</a>&nbsp;&nbsp;&nbsp;CommSetRtc
</UL>

<P><STRONG><a name="[85]"></a>CalcAbsMin</STRONG> (Thumb, 28 bytes, Stack size 16 bytes, event.o(i.CalcAbsMin))
<BR><BR>[Stack]<UL><LI>Max Depth = 16<LI>Call Chain = CalcAbsMin
</UL>
<BR>[Calls]<UL><LI><a href="#[50]">&gt;&gt;</a>&nbsp;&nbsp;&nbsp;Bcd_To_Hex
</UL>
<BR>[Called By]<UL><LI><a href="#[86]">&gt;&gt;</a>&nbsp;&nbsp;&nbsp;CalcTime
<LI><a href="#[dc]">&gt;&gt;</a>&nbsp;&nbsp;&nbsp;Uart_Proc
</UL>

<P><STRONG><a name="[86]"></a>CalcTime</STRONG> (Thumb, 30 bytes, Stack size 16 bytes, event.o(i.CalcTime))
<BR><BR>[Stack]<UL><LI>Max Depth = 40<LI>Call Chain = CalcTime &rArr; CalcAbsDay
</UL>
<BR>[Calls]<UL><LI><a href="#[85]">&gt;&gt;</a>&nbsp;&nbsp;&nbsp;CalcAbsMin
<LI><a href="#[84]">&gt;&gt;</a>&nbsp;&nbsp;&nbsp;CalcAbsDay
</UL>
<BR>[Called By]<UL><LI><a href="#[1aa]">&gt;&gt;</a>&nbsp;&nbsp;&nbsp;ReadLoadRec
<LI><a href="#[172]">&gt;&gt;</a>&nbsp;&nbsp;&nbsp;Load_Judge
</UL>

<P><STRONG><a name="[1db]"></a>CalcTransferAmt</STRONG> (Thumb, 96 bytes, Stack size 28 bytes, sts.o(i.CalcTransferAmt))
<BR><BR>[Stack]<UL><LI>Max Depth = 28<LI>Call Chain = CalcTransferAmt
</UL>
<BR>[Called By]<UL><LI><a href="#[1da]">&gt;&gt;</a>&nbsp;&nbsp;&nbsp;api_APDU_set_power_limit
</UL>

<P><STRONG><a name="[87]"></a>Calc_Pwr_Proc</STRONG> (Thumb, 328 bytes, Stack size 56 bytes, money.o(i.Calc_Pwr_Proc))
<BR><BR>[Stack]<UL><LI>Max Depth = 624<LI>Call Chain = Calc_Pwr_Proc &rArr; Price_Judge &rArr; Changecontrol_Process &rArr; Freeze_Dl &rArr; Process_Usedl &rArr; Cal_Comb &rArr; Read_Event_Point &rArr; ReadE2WithBackup &rArr; I2C_Read_Eeprom &rArr; I2C_Read_Bottom &rArr; Sendaddr &rArr; I2c_Send_Byte &rArr; Eepr_AckWr
</UL>
<BR>[Calls]<UL><LI><a href="#[69]">&gt;&gt;</a>&nbsp;&nbsp;&nbsp;WriteE2WithBackup
<LI><a href="#[89]">&gt;&gt;</a>&nbsp;&nbsp;&nbsp;Crc_16Bits
<LI><a href="#[75]">&gt;&gt;</a>&nbsp;&nbsp;&nbsp;Add_Bcd
<LI><a href="#[8a]">&gt;&gt;</a>&nbsp;&nbsp;&nbsp;Price_Judge
<LI><a href="#[88]">&gt;&gt;</a>&nbsp;&nbsp;&nbsp;Fwdl_Verify
<LI><a href="#[6d]">&gt;&gt;</a>&nbsp;&nbsp;&nbsp;Bkdl_Verify
<LI><a href="#[8b]">&gt;&gt;</a>&nbsp;&nbsp;&nbsp;Remainmoney_Process
<LI><a href="#[8c]">&gt;&gt;</a>&nbsp;&nbsp;&nbsp;MonthDaymoney_Process
<LI><a href="#[5f]">&gt;&gt;</a>&nbsp;&nbsp;&nbsp;__aeabi_memcpy
</UL>
<BR>[Called By]<UL><LI><a href="#[149]">&gt;&gt;</a>&nbsp;&nbsp;&nbsp;Init_System
<LI><a href="#[105]">&gt;&gt;</a>&nbsp;&nbsp;&nbsp;ECMeasure
</UL>

<P><STRONG><a name="[8d]"></a>CalculateUseDay</STRONG> (Thumb, 166 bytes, Stack size 32 bytes, lcd.o(i.CalculateUseDay))
<BR><BR>[Stack]<UL><LI>Max Depth = 240<LI>Call Chain = CalculateUseDay &rArr; I2C_Read_Eeprom &rArr; I2C_Read_Bottom &rArr; Sendaddr &rArr; I2c_Send_Byte &rArr; Eepr_AckWr
</UL>
<BR>[Calls]<UL><LI><a href="#[3d]">&gt;&gt;</a>&nbsp;&nbsp;&nbsp;__aeabi_ui2f
<LI><a href="#[4c]">&gt;&gt;</a>&nbsp;&nbsp;&nbsp;__aeabi_f2uiz
<LI><a href="#[72]">&gt;&gt;</a>&nbsp;&nbsp;&nbsp;I2C_Read_Eeprom
<LI><a href="#[5a]">&gt;&gt;</a>&nbsp;&nbsp;&nbsp;ChkBufZero
<LI><a href="#[75]">&gt;&gt;</a>&nbsp;&nbsp;&nbsp;Add_Bcd
<LI><a href="#[32]">&gt;&gt;</a>&nbsp;&nbsp;&nbsp;__aeabi_fdiv
<LI><a href="#[8e]">&gt;&gt;</a>&nbsp;&nbsp;&nbsp;__aeabi_cfcmpeq
<LI><a href="#[6a]">&gt;&gt;</a>&nbsp;&nbsp;&nbsp;Bcd2Hex
<LI><a href="#[4d]">&gt;&gt;</a>&nbsp;&nbsp;&nbsp;Hex2Bcd
<LI><a href="#[8f]">&gt;&gt;</a>&nbsp;&nbsp;&nbsp;__aeabi_uwrite4
<LI><a href="#[27]">&gt;&gt;</a>&nbsp;&nbsp;&nbsp;__aeabi_uidivmod
</UL>
<BR>[Called By]<UL><LI><a href="#[a6]">&gt;&gt;</a>&nbsp;&nbsp;&nbsp;Lcd_Display
</UL>

<P><STRONG><a name="[90]"></a>Calculate_Demand</STRONG> (Thumb, 274 bytes, Stack size 88 bytes, demand.o(i.Calculate_Demand))
<BR><BR>[Stack]<UL><LI>Max Depth = 376<LI>Call Chain = Calculate_Demand &rArr; I2C_Write_Eeprom &rArr; I2C_Write_Bottom &rArr; Sendaddr &rArr; I2c_Send_Byte &rArr; Eepr_AckWr
</UL>
<BR>[Calls]<UL><LI><a href="#[3d]">&gt;&gt;</a>&nbsp;&nbsp;&nbsp;__aeabi_ui2f
<LI><a href="#[91]">&gt;&gt;</a>&nbsp;&nbsp;&nbsp;__aeabi_fmul
<LI><a href="#[92]">&gt;&gt;</a>&nbsp;&nbsp;&nbsp;__aeabi_f2iz
<LI><a href="#[76]">&gt;&gt;</a>&nbsp;&nbsp;&nbsp;I2C_Write_Eeprom
<LI><a href="#[72]">&gt;&gt;</a>&nbsp;&nbsp;&nbsp;I2C_Read_Eeprom
<LI><a href="#[63]">&gt;&gt;</a>&nbsp;&nbsp;&nbsp;Cmp_Data
<LI><a href="#[32]">&gt;&gt;</a>&nbsp;&nbsp;&nbsp;__aeabi_fdiv
<LI><a href="#[4d]">&gt;&gt;</a>&nbsp;&nbsp;&nbsp;Hex2Bcd
<LI><a href="#[2d]">&gt;&gt;</a>&nbsp;&nbsp;&nbsp;__aeabi_fadd
<LI><a href="#[8f]">&gt;&gt;</a>&nbsp;&nbsp;&nbsp;__aeabi_uwrite4
<LI><a href="#[5f]">&gt;&gt;</a>&nbsp;&nbsp;&nbsp;__aeabi_memcpy
<LI><a href="#[26]">&gt;&gt;</a>&nbsp;&nbsp;&nbsp;__aeabi_idivmod
</UL>
<BR>[Called By]<UL><LI><a href="#[f8]">&gt;&gt;</a>&nbsp;&nbsp;&nbsp;Demand_Process
</UL>

<P><STRONG><a name="[93]"></a>Calculate_Min</STRONG> (Thumb, 136 bytes, Stack size 16 bytes, v85xx_isr.o(i.Calculate_Min))
<BR><BR>[Stack]<UL><LI>Max Depth = 16<LI>Call Chain = Calculate_Min
</UL>
<BR>[Calls]<UL><LI><a href="#[8f]">&gt;&gt;</a>&nbsp;&nbsp;&nbsp;__aeabi_uwrite4
<LI><a href="#[94]">&gt;&gt;</a>&nbsp;&nbsp;&nbsp;__aeabi_uread4
</UL>
<BR>[Called By]<UL><LI><a href="#[156]">&gt;&gt;</a>&nbsp;&nbsp;&nbsp;Powerd_Hourwakeup
<LI><a href="#[1b2]">&gt;&gt;</a>&nbsp;&nbsp;&nbsp;Reset
</UL>

<P><STRONG><a name="[95]"></a>Calculate_Program_Cs</STRONG> (Thumb, 36 bytes, Stack size 16 bytes, uartx.o(i.Calculate_Program_Cs))
<BR><BR>[Stack]<UL><LI>Max Depth = 80<LI>Call Chain = Calculate_Program_Cs &rArr; Hex2Bcd &rArr; __aeabi_memmove
</UL>
<BR>[Calls]<UL><LI><a href="#[47]">&gt;&gt;</a>&nbsp;&nbsp;&nbsp;Clear_Wdt
<LI><a href="#[4d]">&gt;&gt;</a>&nbsp;&nbsp;&nbsp;Hex2Bcd
</UL>
<BR>[Called By]<UL><LI><a href="#[dc]">&gt;&gt;</a>&nbsp;&nbsp;&nbsp;Uart_Proc
<LI><a href="#[a6]">&gt;&gt;</a>&nbsp;&nbsp;&nbsp;Lcd_Display
</UL>

<P><STRONG><a name="[96]"></a>Calculate_Timer</STRONG> (Thumb, 74 bytes, Stack size 16 bytes, uartx.o(i.Calculate_Timer))
<BR><BR>[Stack]<UL><LI>Max Depth = 80<LI>Call Chain = Calculate_Timer &rArr; Bcd2Hex &rArr; __aeabi_memmove
</UL>
<BR>[Calls]<UL><LI><a href="#[6a]">&gt;&gt;</a>&nbsp;&nbsp;&nbsp;Bcd2Hex
</UL>
<BR>[Called By]<UL><LI><a href="#[dc]">&gt;&gt;</a>&nbsp;&nbsp;&nbsp;Uart_Proc
<LI><a href="#[169]">&gt;&gt;</a>&nbsp;&nbsp;&nbsp;Judge_Relay_Delay
<LI><a href="#[1b0]">&gt;&gt;</a>&nbsp;&nbsp;&nbsp;Relay_Ctrl
<LI><a href="#[1af]">&gt;&gt;</a>&nbsp;&nbsp;&nbsp;Ready_Reportdata
</UL>

<P><STRONG><a name="[60]"></a>CardTxRxFrame</STRONG> (Thumb, 390 bytes, Stack size 48 bytes, u7816.o(i.CardTxRxFrame))
<BR><BR>[Stack]<UL><LI>Max Depth = 184<LI>Call Chain = CardTxRxFrame &rArr; RF_TxRxFrame &rArr; RF_Command_Send &rArr; Test_Command_Send &rArr; RF_Set_Reg &rArr; RF_Reg_RW &rArr; RF_Spi_Com
</UL>
<BR>[Calls]<UL><LI><a href="#[98]">&gt;&gt;</a>&nbsp;&nbsp;&nbsp;RF_TxRxFrame
<LI><a href="#[99]">&gt;&gt;</a>&nbsp;&nbsp;&nbsp;Snd_7816_Byte
<LI><a href="#[9a]">&gt;&gt;</a>&nbsp;&nbsp;&nbsp;Get_7816_Char
<LI><a href="#[9b]">&gt;&gt;</a>&nbsp;&nbsp;&nbsp;Esam_Err_Report
<LI><a href="#[97]">&gt;&gt;</a>&nbsp;&nbsp;&nbsp;Delay_Netu
<LI><a href="#[2a]">&gt;&gt;</a>&nbsp;&nbsp;&nbsp;__aeabi_memclr
</UL>
<BR>[Called By]<UL><LI><a href="#[dc]">&gt;&gt;</a>&nbsp;&nbsp;&nbsp;Uart_Proc
<LI><a href="#[f3]">&gt;&gt;</a>&nbsp;&nbsp;&nbsp;WriteBinWithMac
<LI><a href="#[1c5]">&gt;&gt;</a>&nbsp;&nbsp;&nbsp;UpdateEsamKey
<LI><a href="#[1c8]">&gt;&gt;</a>&nbsp;&nbsp;&nbsp;UpdateBinFile
<LI><a href="#[1b4]">&gt;&gt;</a>&nbsp;&nbsp;&nbsp;SelectFile
<LI><a href="#[62]">&gt;&gt;</a>&nbsp;&nbsp;&nbsp;Read_Kx
<LI><a href="#[134]">&gt;&gt;</a>&nbsp;&nbsp;&nbsp;ReadRecFile
<LI><a href="#[64]">&gt;&gt;</a>&nbsp;&nbsp;&nbsp;ReadRandom
<LI><a href="#[135]">&gt;&gt;</a>&nbsp;&nbsp;&nbsp;ReadBinWithMac
<LI><a href="#[17a]">&gt;&gt;</a>&nbsp;&nbsp;&nbsp;Moneybag_Process
<LI><a href="#[ef]">&gt;&gt;</a>&nbsp;&nbsp;&nbsp;DecreaseWithMac
<LI><a href="#[82]">&gt;&gt;</a>&nbsp;&nbsp;&nbsp;Cal_Mac_Pro
<LI><a href="#[5d]">&gt;&gt;</a>&nbsp;&nbsp;&nbsp;Auth_In_Out
</UL>

<P><STRONG><a name="[9c]"></a>Card_Err_Record</STRONG> (Thumb, 216 bytes, Stack size 8 bytes, u7816.o(i.Card_Err_Record))
<BR><BR>[Stack]<UL><LI>Max Depth = 408<LI>Call Chain = Card_Err_Record &rArr; Event_Record &rArr; Write_Event_Point &rArr; WriteE2WithBackup &rArr; I2C_Write_Eeprom &rArr; I2C_Write_Bottom &rArr; Sendaddr &rArr; I2c_Send_Byte &rArr; Eepr_AckWr
</UL>
<BR>[Calls]<UL><LI><a href="#[9d]">&gt;&gt;</a>&nbsp;&nbsp;&nbsp;Exchange
<LI><a href="#[53]">&gt;&gt;</a>&nbsp;&nbsp;&nbsp;Event_Record
<LI><a href="#[52]">&gt;&gt;</a>&nbsp;&nbsp;&nbsp;DltoEepromBuf
<LI><a href="#[73]">&gt;&gt;</a>&nbsp;&nbsp;&nbsp;GetBuyTimes2Byte
<LI><a href="#[8f]">&gt;&gt;</a>&nbsp;&nbsp;&nbsp;__aeabi_uwrite4
<LI><a href="#[94]">&gt;&gt;</a>&nbsp;&nbsp;&nbsp;__aeabi_uread4
<LI><a href="#[2a]">&gt;&gt;</a>&nbsp;&nbsp;&nbsp;__aeabi_memclr
<LI><a href="#[5f]">&gt;&gt;</a>&nbsp;&nbsp;&nbsp;__aeabi_memcpy
</UL>
<BR>[Called By]<UL><LI><a href="#[a3]">&gt;&gt;</a>&nbsp;&nbsp;&nbsp;Card_Proc
</UL>

<P><STRONG><a name="[9e]"></a>Card_Esam_Proc</STRONG> (Thumb, 424 bytes, Stack size 24 bytes, u7816.o(i.Card_Esam_Proc))
<BR><BR>[Stack]<UL><LI>Max Depth = 624<LI>Call Chain = Card_Esam_Proc &rArr; OpenAddMoney &rArr; UpdataRefer_ToEe_WithMac &rArr; Price_Judge &rArr; Changecontrol_Process &rArr; Freeze_Dl &rArr; Process_Usedl &rArr; Cal_Comb &rArr; Read_Event_Point &rArr; ReadE2WithBackup &rArr; I2C_Read_Eeprom &rArr; I2C_Read_Bottom &rArr; Sendaddr &rArr; I2c_Send_Byte &rArr; Eepr_AckWr
</UL>
<BR>[Calls]<UL><LI><a href="#[9f]">&gt;&gt;</a>&nbsp;&nbsp;&nbsp;Inter_Authrf08
<LI><a href="#[89]">&gt;&gt;</a>&nbsp;&nbsp;&nbsp;Crc_16Bits
<LI><a href="#[47]">&gt;&gt;</a>&nbsp;&nbsp;&nbsp;Clear_Wdt
<LI><a href="#[a1]">&gt;&gt;</a>&nbsp;&nbsp;&nbsp;UpdataRefer_WithMac
<LI><a href="#[a0]">&gt;&gt;</a>&nbsp;&nbsp;&nbsp;ReadM1File
<LI><a href="#[a2]">&gt;&gt;</a>&nbsp;&nbsp;&nbsp;OpenAddMoney
<LI><a href="#[5f]">&gt;&gt;</a>&nbsp;&nbsp;&nbsp;__aeabi_memcpy
</UL>
<BR>[Called By]<UL><LI><a href="#[a3]">&gt;&gt;</a>&nbsp;&nbsp;&nbsp;Card_Proc
</UL>

<P><STRONG><a name="[a3]"></a>Card_Proc</STRONG> (Thumb, 830 bytes, Stack size 8 bytes, u7816.o(i.Card_Proc))
<BR><BR>[Stack]<UL><LI>Max Depth = 640<LI>Call Chain = Card_Proc &rArr; Lcd_Display &rArr; Cal_Comb_Usedl &rArr; Cal_Comb &rArr; Read_Event_Point &rArr; ReadE2WithBackup &rArr; I2C_Read_Eeprom &rArr; I2C_Read_Bottom &rArr; Sendaddr &rArr; I2c_Send_Byte &rArr; Eepr_AckWr
</UL>
<BR>[Calls]<UL><LI><a href="#[a7]">&gt;&gt;</a>&nbsp;&nbsp;&nbsp;Release_Rf
<LI><a href="#[a5]">&gt;&gt;</a>&nbsp;&nbsp;&nbsp;RF_Init
<LI><a href="#[a6]">&gt;&gt;</a>&nbsp;&nbsp;&nbsp;Lcd_Display
<LI><a href="#[47]">&gt;&gt;</a>&nbsp;&nbsp;&nbsp;Clear_Wdt
<LI><a href="#[57]">&gt;&gt;</a>&nbsp;&nbsp;&nbsp;Alarmstatus_Judge
<LI><a href="#[a9]">&gt;&gt;</a>&nbsp;&nbsp;&nbsp;Enable_Closerelay
<LI><a href="#[a8]">&gt;&gt;</a>&nbsp;&nbsp;&nbsp;Clear_MeterMoney
<LI><a href="#[a4]">&gt;&gt;</a>&nbsp;&nbsp;&nbsp;Check_Card
<LI><a href="#[9e]">&gt;&gt;</a>&nbsp;&nbsp;&nbsp;Card_Esam_Proc
<LI><a href="#[9c]">&gt;&gt;</a>&nbsp;&nbsp;&nbsp;Card_Err_Record
<LI><a href="#[2b]">&gt;&gt;</a>&nbsp;&nbsp;&nbsp;__aeabi_memset
</UL>
<BR>[Called By]<UL><LI><a href="#[22]">&gt;&gt;</a>&nbsp;&nbsp;&nbsp;main
</UL>

<P><STRONG><a name="[aa]"></a>Changecontrol_Process</STRONG> (Thumb, 238 bytes, Stack size 16 bytes, tariff.o(i.Changecontrol_Process))
<BR><BR>[Stack]<UL><LI>Max Depth = 536<LI>Call Chain = Changecontrol_Process &rArr; Freeze_Dl &rArr; Process_Usedl &rArr; Cal_Comb &rArr; Read_Event_Point &rArr; ReadE2WithBackup &rArr; I2C_Read_Eeprom &rArr; I2C_Read_Bottom &rArr; Sendaddr &rArr; I2c_Send_Byte &rArr; Eepr_AckWr
</UL>
<BR>[Calls]<UL><LI><a href="#[ac]">&gt;&gt;</a>&nbsp;&nbsp;&nbsp;I2C_Write_Eeprom44
<LI><a href="#[69]">&gt;&gt;</a>&nbsp;&nbsp;&nbsp;WriteE2WithBackup
<LI><a href="#[76]">&gt;&gt;</a>&nbsp;&nbsp;&nbsp;I2C_Write_Eeprom
<LI><a href="#[72]">&gt;&gt;</a>&nbsp;&nbsp;&nbsp;I2C_Read_Eeprom
<LI><a href="#[47]">&gt;&gt;</a>&nbsp;&nbsp;&nbsp;Clear_Wdt
<LI><a href="#[ae]">&gt;&gt;</a>&nbsp;&nbsp;&nbsp;WriteE2WithJieti
<LI><a href="#[af]">&gt;&gt;</a>&nbsp;&nbsp;&nbsp;RefreshPrice
<LI><a href="#[ad]">&gt;&gt;</a>&nbsp;&nbsp;&nbsp;ReadE2WithJieti
<LI><a href="#[b0]">&gt;&gt;</a>&nbsp;&nbsp;&nbsp;Freeze_Dl
<LI><a href="#[ab]">&gt;&gt;</a>&nbsp;&nbsp;&nbsp;I2C_Read_Eeprom44
<LI><a href="#[2a]">&gt;&gt;</a>&nbsp;&nbsp;&nbsp;__aeabi_memclr
</UL>
<BR>[Called By]<UL><LI><a href="#[13b]">&gt;&gt;</a>&nbsp;&nbsp;&nbsp;Year_Ladder_Judge
<LI><a href="#[157]">&gt;&gt;</a>&nbsp;&nbsp;&nbsp;Timezone_Judge
<LI><a href="#[8a]">&gt;&gt;</a>&nbsp;&nbsp;&nbsp;Price_Judge
</UL>

<P><STRONG><a name="[108]"></a>CheckNum</STRONG> (Thumb, 24 bytes, Stack size 8 bytes, measure.o(i.CheckNum))
<BR><BR>[Stack]<UL><LI>Max Depth = 8<LI>Call Chain = CheckNum
</UL>
<BR>[Called By]<UL><LI><a href="#[106]">&gt;&gt;</a>&nbsp;&nbsp;&nbsp;EC_RactGroup
</UL>

<P><STRONG><a name="[1ce]"></a>CheckSysReg</STRONG> (Thumb, 18 bytes, Stack size 0 bytes, verify.o(i.CheckSysReg))
<BR><BR>[Called By]<UL><LI><a href="#[14b]">&gt;&gt;</a>&nbsp;&nbsp;&nbsp;Veri_Pad
</UL>

<P><STRONG><a name="[a4]"></a>Check_Card</STRONG> (Thumb, 54 bytes, Stack size 0 bytes, u7816.o(i.Check_Card))
<BR><BR>[Called By]<UL><LI><a href="#[a3]">&gt;&gt;</a>&nbsp;&nbsp;&nbsp;Card_Proc
</UL>

<P><STRONG><a name="[5a]"></a>ChkBufZero</STRONG> (Thumb, 30 bytes, Stack size 0 bytes, rtc.o(i.ChkBufZero))
<BR><BR>[Called By]<UL><LI><a href="#[ed]">&gt;&gt;</a>&nbsp;&nbsp;&nbsp;Crc_Check
<LI><a href="#[c6]">&gt;&gt;</a>&nbsp;&nbsp;&nbsp;Note_Run_Event
<LI><a href="#[13b]">&gt;&gt;</a>&nbsp;&nbsp;&nbsp;Year_Ladder_Judge
<LI><a href="#[dc]">&gt;&gt;</a>&nbsp;&nbsp;&nbsp;Uart_Proc
<LI><a href="#[157]">&gt;&gt;</a>&nbsp;&nbsp;&nbsp;Timezone_Judge
<LI><a href="#[154]">&gt;&gt;</a>&nbsp;&nbsp;&nbsp;Read_Sysclock
<LI><a href="#[8a]">&gt;&gt;</a>&nbsp;&nbsp;&nbsp;Price_Judge
<LI><a href="#[163]">&gt;&gt;</a>&nbsp;&nbsp;&nbsp;JudgeSwitch
<LI><a href="#[e3]">&gt;&gt;</a>&nbsp;&nbsp;&nbsp;FindSQ
<LI><a href="#[57]">&gt;&gt;</a>&nbsp;&nbsp;&nbsp;Alarmstatus_Judge
<LI><a href="#[8d]">&gt;&gt;</a>&nbsp;&nbsp;&nbsp;CalculateUseDay
<LI><a href="#[188]">&gt;&gt;</a>&nbsp;&nbsp;&nbsp;UpdataRefer_ToEe_WithMac
</UL>

<P><STRONG><a name="[1de]"></a>Class_get</STRONG> (Thumb, 74 bytes, Stack size 0 bytes, sts.o(i.Class_get))
<BR><BR>[Called By]<UL><LI><a href="#[183]">&gt;&gt;</a>&nbsp;&nbsp;&nbsp;api_Handle_key_sts_code
</UL>

<P><STRONG><a name="[b1]"></a>ClearPloadRec</STRONG> (Thumb, 164 bytes, Stack size 32 bytes, event.o(i.ClearPloadRec))
<BR><BR>[Stack]<UL><LI>Max Depth = 312<LI>Call Chain = ClearPloadRec &rArr; FindSpecPos &rArr; I2C_Read_Eeprom &rArr; I2C_Read_Bottom &rArr; Sendaddr &rArr; I2c_Send_Byte &rArr; Eepr_AckWr
</UL>
<BR>[Calls]<UL><LI><a href="#[89]">&gt;&gt;</a>&nbsp;&nbsp;&nbsp;Crc_16Bits
<LI><a href="#[b2]">&gt;&gt;</a>&nbsp;&nbsp;&nbsp;Read_Load_Point
<LI><a href="#[b4]">&gt;&gt;</a>&nbsp;&nbsp;&nbsp;FindSpecPos
<LI><a href="#[b3]">&gt;&gt;</a>&nbsp;&nbsp;&nbsp;CalStAddr
<LI><a href="#[b5]">&gt;&gt;</a>&nbsp;&nbsp;&nbsp;CalRecTimes
<LI><a href="#[2a]">&gt;&gt;</a>&nbsp;&nbsp;&nbsp;__aeabi_memclr
</UL>
<BR>[Called By]<UL><LI><a href="#[d7]">&gt;&gt;</a>&nbsp;&nbsp;&nbsp;CommSetRtc_Adj
</UL>

<P><STRONG><a name="[b6]"></a>Clear_Meter</STRONG> (Thumb, 412 bytes, Stack size 88 bytes, u7816.o(i.Clear_Meter))
<BR><BR>[Stack]<UL><LI>Max Depth = 584<LI>Call Chain = Clear_Meter &rArr; Process_Usedl &rArr; Cal_Comb &rArr; Read_Event_Point &rArr; ReadE2WithBackup &rArr; I2C_Read_Eeprom &rArr; I2C_Read_Bottom &rArr; Sendaddr &rArr; I2c_Send_Byte &rArr; Eepr_AckWr
</UL>
<BR>[Calls]<UL><LI><a href="#[ac]">&gt;&gt;</a>&nbsp;&nbsp;&nbsp;I2C_Write_Eeprom44
<LI><a href="#[69]">&gt;&gt;</a>&nbsp;&nbsp;&nbsp;WriteE2WithBackup
<LI><a href="#[be]">&gt;&gt;</a>&nbsp;&nbsp;&nbsp;Wr_Powerdown_Data
<LI><a href="#[76]">&gt;&gt;</a>&nbsp;&nbsp;&nbsp;I2C_Write_Eeprom
<LI><a href="#[9d]">&gt;&gt;</a>&nbsp;&nbsp;&nbsp;Exchange
<LI><a href="#[53]">&gt;&gt;</a>&nbsp;&nbsp;&nbsp;Event_Record
<LI><a href="#[52]">&gt;&gt;</a>&nbsp;&nbsp;&nbsp;DltoEepromBuf
<LI><a href="#[b7]">&gt;&gt;</a>&nbsp;&nbsp;&nbsp;ClrRecTimes
<LI><a href="#[bd]">&gt;&gt;</a>&nbsp;&nbsp;&nbsp;Mt_Alarmstatus_Judge
<LI><a href="#[47]">&gt;&gt;</a>&nbsp;&nbsp;&nbsp;Clear_Wdt
<LI><a href="#[b8]">&gt;&gt;</a>&nbsp;&nbsp;&nbsp;Clr_Zero_Data
<LI><a href="#[bf]">&gt;&gt;</a>&nbsp;&nbsp;&nbsp;Wr_Pretime_Dayfreeze
<LI><a href="#[bb]">&gt;&gt;</a>&nbsp;&nbsp;&nbsp;Process_Usedl
<LI><a href="#[bc]">&gt;&gt;</a>&nbsp;&nbsp;&nbsp;Veri_Etmr1_Pcount
<LI><a href="#[b9]">&gt;&gt;</a>&nbsp;&nbsp;&nbsp;Clr_Commu_Relaydata
<LI><a href="#[ba]">&gt;&gt;</a>&nbsp;&nbsp;&nbsp;ClrSelfClose
<LI><a href="#[70]">&gt;&gt;</a>&nbsp;&nbsp;&nbsp;Buy_Record
[...]
</UL>
<BR>[Calls]<UL><LI><a href="#[1d5]">&gt;&gt;</a>&nbsp;&nbsp;&nbsp;Get_TID
<LI><a href="#[8f]">&gt;&gt;</a>&nbsp;&nbsp;&nbsp;__aeabi_uwrite4
<LI><a href="#[94]">&gt;&gt;</a>&nbsp;&nbsp;&nbsp;__aeabi_uread4
<LI><a href="#[1d6]">&gt;&gt;</a>&nbsp;&nbsp;&nbsp;api_TIDVali_Judge
</UL>
<BR>[Called By]<UL><LI><a href="#[1e1]">&gt;&gt;</a>&nbsp;&nbsp;&nbsp;sts_process_apdu_02_set
</UL>

<P><STRONG><a name="[1d7]"></a>api_APDU_set_key_frist</STRONG> (Thumb, 172 bytes, Stack size 8 bytes, sts.o(i.api_APDU_set_key_frist))
<BR><BR>[Stack]<UL><LI>Max Depth = 392<LI>Call Chain = api_APDU_set_key_frist &rArr; api_Change_Key &rArr; api_set_APDU_TID_Record &rArr; I2C_Write_Eeprom &rArr; I2C_Write_Bottom &rArr; Sendaddr &rArr; I2c_Send_Byte &rArr; Eepr_AckWr
</UL>
<BR>[Calls]<UL><LI><a href="#[2a]">&gt;&gt;</a>&nbsp;&nbsp;&nbsp;__aeabi_memclr
<LI><a href="#[1d8]">&gt;&gt;</a>&nbsp;&nbsp;&nbsp;api_Change_Key
</UL>
<BR>[Called By]<UL><LI><a href="#[1e1]">&gt;&gt;</a>&nbsp;&nbsp;&nbsp;sts_process_apdu_02_set
</UL>

<P><STRONG><a name="[1d9]"></a>api_APDU_set_key_second</STRONG> (Thumb, 140 bytes, Stack size 8 bytes, sts.o(i.api_APDU_set_key_second))
<BR><BR>[Stack]<UL><LI>Max Depth = 392<LI>Call Chain = api_APDU_set_key_second &rArr; api_Change_Key &rArr; api_set_APDU_TID_Record &rArr; I2C_Write_Eeprom &rArr; I2C_Write_Bottom &rArr; Sendaddr &rArr; I2c_Send_Byte &rArr; Eepr_AckWr
</UL>
<BR>[Calls]<UL><LI><a href="#[2a]">&gt;&gt;</a>&nbsp;&nbsp;&nbsp;__aeabi_memclr
<LI><a href="#[1d8]">&gt;&gt;</a>&nbsp;&nbsp;&nbsp;api_Change_Key
</UL>
<BR>[Called By]<UL><LI><a href="#[1e1]">&gt;&gt;</a>&nbsp;&nbsp;&nbsp;sts_process_apdu_02_set
</UL>

<P><STRONG><a name="[1da]"></a>api_APDU_set_power_limit</STRONG> (Thumb, 74 bytes, Stack size 16 bytes, sts.o(i.api_APDU_set_power_limit))
<BR><BR>[Stack]<UL><LI>Max Depth = 312<LI>Call Chain = api_APDU_set_power_limit &rArr; api_TIDVali_Judge &rArr; I2C_Read_Eeprom &rArr; I2C_Read_Bottom &rArr; Sendaddr &rArr; I2c_Send_Byte &rArr; Eepr_AckWr
</UL>
<BR>[Calls]<UL><LI><a href="#[1d5]">&gt;&gt;</a>&nbsp;&nbsp;&nbsp;Get_TID
<LI><a href="#[1db]">&gt;&gt;</a>&nbsp;&nbsp;&nbsp;CalcTransferAmt
<LI><a href="#[8f]">&gt;&gt;</a>&nbsp;&nbsp;&nbsp;__aeabi_uwrite4
<LI><a href="#[94]">&gt;&gt;</a>&nbsp;&nbsp;&nbsp;__aeabi_uread4
<LI><a href="#[1d6]">&gt;&gt;</a>&nbsp;&nbsp;&nbsp;api_TIDVali_Judge
</UL>
<BR>[Called By]<UL><LI><a href="#[1e1]">&gt;&gt;</a>&nbsp;&nbsp;&nbsp;sts_process_apdu_02_set
</UL>

<P><STRONG><a name="[1d8]"></a>api_Change_Key</STRONG> (Thumb, 84 bytes, Stack size 8 bytes, sts.o(i.api_Change_Key))
<BR><BR>[Stack]<UL><LI>Max Depth = 384<LI>Call Chain = api_Change_Key &rArr; api_set_APDU_TID_Record &rArr; I2C_Write_Eeprom &rArr; I2C_Write_Bottom &rArr; Sendaddr &rArr; I2c_Send_Byte &rArr; Eepr_AckWr
</UL>
<BR>[Calls]<UL><LI><a href="#[47]">&gt;&gt;</a>&nbsp;&nbsp;&nbsp;Clear_Wdt
<LI><a href="#[2a]">&gt;&gt;</a>&nbsp;&nbsp;&nbsp;__aeabi_memclr
<LI><a href="#[5f]">&gt;&gt;</a>&nbsp;&nbsp;&nbsp;__aeabi_memcpy
<LI><a href="#[1dc]">&gt;&gt;</a>&nbsp;&nbsp;&nbsp;api_set_APDU_TID_Record
</UL>
<BR>[Called By]<UL><LI><a href="#[1d9]">&gt;&gt;</a>&nbsp;&nbsp;&nbsp;api_APDU_set_key_second
<LI><a href="#[1d7]">&gt;&gt;</a>&nbsp;&nbsp;&nbsp;api_APDU_set_key_frist
</UL>

<P><STRONG><a name="[183]"></a>api_Handle_key_sts_code</STRONG> (Thumb, 190 bytes, Stack size 56 bytes, sts.o(i.api_Handle_key_sts_code))
<BR><BR>[Stack]<UL><LI>Max Depth = 472<LI>Call Chain = api_Handle_key_sts_code &rArr; sts_process_apdu_02_set &rArr; api_APDU_set_key_second &rArr; api_Change_Key &rArr; api_set_APDU_TID_Record &rArr; I2C_Write_Eeprom &rArr; I2C_Write_Bottom &rArr; Sendaddr &rArr; I2c_Send_Byte &rArr; Eepr_AckWr
</UL>
<BR>[Calls]<UL><LI><a href="#[47]">&gt;&gt;</a>&nbsp;&nbsp;&nbsp;Clear_Wdt
<LI><a href="#[ee]">&gt;&gt;</a>&nbsp;&nbsp;&nbsp;DecToHex_20BYTE
<LI><a href="#[1de]">&gt;&gt;</a>&nbsp;&nbsp;&nbsp;Class_get
<LI><a href="#[7f]">&gt;&gt;</a>&nbsp;&nbsp;&nbsp;__aeabi_memclr4
<LI><a href="#[5f]">&gt;&gt;</a>&nbsp;&nbsp;&nbsp;__aeabi_memcpy
<LI><a href="#[1e1]">&gt;&gt;</a>&nbsp;&nbsp;&nbsp;sts_process_apdu_02_set
<LI><a href="#[1e0]">&gt;&gt;</a>&nbsp;&nbsp;&nbsp;sts_process_apdu_01_test
<LI><a href="#[1df]">&gt;&gt;</a>&nbsp;&nbsp;&nbsp;sts_process_apdu_00_purchase
<LI><a href="#[1dd]">&gt;&gt;</a>&nbsp;&nbsp;&nbsp;api_initialize_APDU_analyze_var
</UL>
<BR>[Called By]<UL><LI><a href="#[dc]">&gt;&gt;</a>&nbsp;&nbsp;&nbsp;Uart_Proc
<LI><a href="#[a2]">&gt;&gt;</a>&nbsp;&nbsp;&nbsp;OpenAddMoney
</UL>

<P><STRONG><a name="[1d6]"></a>api_TIDVali_Judge</STRONG> (Thumb, 206 bytes, Stack size 88 bytes, sts.o(i.api_TIDVali_Judge))
<BR><BR>[Stack]<UL><LI>Max Depth = 296<LI>Call Chain = api_TIDVali_Judge &rArr; I2C_Read_Eeprom &rArr; I2C_Read_Bottom &rArr; Sendaddr &rArr; I2c_Send_Byte &rArr; Eepr_AckWr
</UL>
<BR>[Calls]<UL><LI><a href="#[72]">&gt;&gt;</a>&nbsp;&nbsp;&nbsp;I2C_Read_Eeprom
</UL>
<BR>[Called By]<UL><LI><a href="#[1d4]">&gt;&gt;</a>&nbsp;&nbsp;&nbsp;api_APDU_clear_balance
<LI><a href="#[1df]">&gt;&gt;</a>&nbsp;&nbsp;&nbsp;sts_process_apdu_00_purchase
<LI><a href="#[1da]">&gt;&gt;</a>&nbsp;&nbsp;&nbsp;api_APDU_set_power_limit
</UL>

<P><STRONG><a name="[1dd]"></a>api_initialize_APDU_analyze_var</STRONG> (Thumb, 12 bytes, Stack size 8 bytes, sts.o(i.api_initialize_APDU_analyze_var))
<BR><BR>[Stack]<UL><LI>Max Depth = 8<LI>Call Chain = api_initialize_APDU_analyze_var
</UL>
<BR>[Calls]<UL><LI><a href="#[2a]">&gt;&gt;</a>&nbsp;&nbsp;&nbsp;__aeabi_memclr
</UL>
<BR>[Called By]<UL><LI><a href="#[183]">&gt;&gt;</a>&nbsp;&nbsp;&nbsp;api_Handle_key_sts_code
</UL>

<P><STRONG><a name="[185]"></a>api_save_APDU_key_var</STRONG> (Thumb, 28 bytes, Stack size 8 bytes, sts.o(i.api_save_APDU_key_var))
<BR><BR>[Stack]<UL><LI>Max Depth = 320<LI>Call Chain = api_save_APDU_key_var &rArr; WriteE2WithBackup &rArr; I2C_Write_Eeprom &rArr; I2C_Write_Bottom &rArr; Sendaddr &rArr; I2c_Send_Byte &rArr; Eepr_AckWr
</UL>
<BR>[Calls]<UL><LI><a href="#[69]">&gt;&gt;</a>&nbsp;&nbsp;&nbsp;WriteE2WithBackup
<LI><a href="#[cc]">&gt;&gt;</a>&nbsp;&nbsp;&nbsp;ReadE2WithBackup
</UL>
<BR>[Called By]<UL><LI><a href="#[a2]">&gt;&gt;</a>&nbsp;&nbsp;&nbsp;OpenAddMoney
</UL>

<P><STRONG><a name="[1dc]"></a>api_set_APDU_TID_Record</STRONG> (Thumb, 168 bytes, Stack size 88 bytes, sts.o(i.api_set_APDU_TID_Record))
<BR><BR>[Stack]<UL><LI>Max Depth = 376<LI>Call Chain = api_set_APDU_TID_Record &rArr; I2C_Write_Eeprom &rArr; I2C_Write_Bottom &rArr; Sendaddr &rArr; I2c_Send_Byte &rArr; Eepr_AckWr
</UL>
<BR>[Calls]<UL><LI><a href="#[76]">&gt;&gt;</a>&nbsp;&nbsp;&nbsp;I2C_Write_Eeprom
</UL>
<BR>[Called By]<UL><LI><a href="#[1d8]">&gt;&gt;</a>&nbsp;&nbsp;&nbsp;api_Change_Key
</UL>

<P><STRONG><a name="[1e2]"></a>api_updata_APDU_TID_Record</STRONG> (Thumb, 322 bytes, Stack size 96 bytes, sts.o(i.api_updata_APDU_TID_Record))
<BR><BR>[Stack]<UL><LI>Max Depth = 384<LI>Call Chain = api_updata_APDU_TID_Record &rArr; I2C_Write_Eeprom &rArr; I2C_Write_Bottom &rArr; Sendaddr &rArr; I2c_Send_Byte &rArr; Eepr_AckWr
</UL>
<BR>[Calls]<UL><LI><a href="#[76]">&gt;&gt;</a>&nbsp;&nbsp;&nbsp;I2C_Write_Eeprom
<LI><a href="#[72]">&gt;&gt;</a>&nbsp;&nbsp;&nbsp;I2C_Read_Eeprom
</UL>
<BR>[Called By]<UL><LI><a href="#[1e1]">&gt;&gt;</a>&nbsp;&nbsp;&nbsp;sts_process_apdu_02_set
<LI><a href="#[1df]">&gt;&gt;</a>&nbsp;&nbsp;&nbsp;sts_process_apdu_00_purchase
</UL>

<P><STRONG><a name="[1e3]"></a>api_updata_APDU_TOKEN_Record</STRONG> (Thumb, 44 bytes, Stack size 8 bytes, sts.o(i.api_updata_APDU_TOKEN_Record))
<BR><BR>[Stack]<UL><LI>Max Depth = 296<LI>Call Chain = api_updata_APDU_TOKEN_Record &rArr; I2C_Write_Eeprom &rArr; I2C_Write_Bottom &rArr; Sendaddr &rArr; I2c_Send_Byte &rArr; Eepr_AckWr
</UL>
<BR>[Calls]<UL><LI><a href="#[76]">&gt;&gt;</a>&nbsp;&nbsp;&nbsp;I2C_Write_Eeprom
<LI><a href="#[72]">&gt;&gt;</a>&nbsp;&nbsp;&nbsp;I2C_Read_Eeprom
<LI><a href="#[5f]">&gt;&gt;</a>&nbsp;&nbsp;&nbsp;__aeabi_memcpy
</UL>
<BR>[Called By]<UL><LI><a href="#[1df]">&gt;&gt;</a>&nbsp;&nbsp;&nbsp;sts_process_apdu_00_purchase
</UL>

<P><STRONG><a name="[1e4]"></a>api_updata_APDU_key_var</STRONG> (Thumb, 56 bytes, Stack size 8 bytes, sts.o(i.api_updata_APDU_key_var))
<BR><BR>[Stack]<UL><LI>Max Depth = 320<LI>Call Chain = api_updata_APDU_key_var &rArr; Verify_para &rArr; I2C_Write_Eeprom &rArr; I2C_Write_Bottom &rArr; Sendaddr &rArr; I2c_Send_Byte &rArr; Eepr_AckWr
</UL>
<BR>[Calls]<UL><LI><a href="#[e1]">&gt;&gt;</a>&nbsp;&nbsp;&nbsp;Verify_para
<LI><a href="#[5f]">&gt;&gt;</a>&nbsp;&nbsp;&nbsp;__aeabi_memcpy
</UL>
<BR>[Called By]<UL><LI><a href="#[1e1]">&gt;&gt;</a>&nbsp;&nbsp;&nbsp;sts_process_apdu_02_set
<LI><a href="#[1df]">&gt;&gt;</a>&nbsp;&nbsp;&nbsp;sts_process_apdu_00_purchase
</UL>

<P><STRONG><a name="[78]"></a>assert_errhandler</STRONG> (Thumb, 4 bytes, Stack size 0 bytes, mainproc.o(i.assert_errhandler))
<BR><BR>[Called By]<UL><LI><a href="#[79]">&gt;&gt;</a>&nbsp;&nbsp;&nbsp;RTC_PrescalerConfig
<LI><a href="#[77]">&gt;&gt;</a>&nbsp;&nbsp;&nbsp;CLK_ClockConfig
<LI><a href="#[e9]">&gt;&gt;</a>&nbsp;&nbsp;&nbsp;RTC_WriteProtection
<LI><a href="#[e8]">&gt;&gt;</a>&nbsp;&nbsp;&nbsp;RTC_AutoCalCmd
</UL>

<P><STRONG><a name="[1e8]"></a>checkSTS_crc</STRONG> (Thumb, 60 bytes, Stack size 28 bytes, sts.o(i.checkSTS_crc))
<BR><BR>[Stack]<UL><LI>Max Depth = 28<LI>Call Chain = checkSTS_crc
</UL>
<BR>[Called By]<UL><LI><a href="#[1e1]">&gt;&gt;</a>&nbsp;&nbsp;&nbsp;sts_process_apdu_02_set
<LI><a href="#[1e0]">&gt;&gt;</a>&nbsp;&nbsp;&nbsp;sts_process_apdu_01_test
<LI><a href="#[1df]">&gt;&gt;</a>&nbsp;&nbsp;&nbsp;sts_process_apdu_00_purchase
</UL>

<P><STRONG><a name="[1be]"></a>feik_Num_Verify</STRONG> (Thumb, 30 bytes, Stack size 8 bytes, verify.o(i.feik_Num_Verify))
<BR><BR>[Stack]<UL><LI>Max Depth = 320<LI>Call Chain = feik_Num_Verify &rArr; Verify_para &rArr; I2C_Write_Eeprom &rArr; I2C_Write_Bottom &rArr; Sendaddr &rArr; I2c_Send_Byte &rArr; Eepr_AckWr
</UL>
<BR>[Calls]<UL><LI><a href="#[e1]">&gt;&gt;</a>&nbsp;&nbsp;&nbsp;Verify_para
<LI><a href="#[5f]">&gt;&gt;</a>&nbsp;&nbsp;&nbsp;__aeabi_memcpy
</UL>
<BR>[Called By]<UL><LI><a href="#[157]">&gt;&gt;</a>&nbsp;&nbsp;&nbsp;Timezone_Judge
</UL>

<P><STRONG><a name="[1e9]"></a>get_token_test_type</STRONG> (Thumb, 88 bytes, Stack size 20 bytes, sts.o(i.get_token_test_type))
<BR><BR>[Stack]<UL><LI>Max Depth = 20<LI>Call Chain = get_token_test_type
</UL>
<BR>[Called By]<UL><LI><a href="#[1e0]">&gt;&gt;</a>&nbsp;&nbsp;&nbsp;sts_process_apdu_01_test
</UL>

<P><STRONG><a name="[22]"></a>main</STRONG> (Thumb, 62 bytes, Stack size 0 bytes, mainproc.o(i.main))
<BR><BR>[Stack]<UL><LI>Max Depth = 1080<LI>Call Chain = main &rArr; Comm_Event_Proc &rArr; Uart_Proc &rArr; Yc_Money_In &rArr; OpenAddMoney &rArr; UpdataRefer_ToEe_WithMac &rArr; Price_Judge &rArr; Changecontrol_Process &rArr; Freeze_Dl &rArr; Process_Usedl &rArr; Cal_Comb &rArr; Read_Event_Point &rArr; ReadE2WithBackup &rArr; I2C_Read_Eeprom &rArr; I2C_Read_Bottom &rArr; Sendaddr &rArr; I2c_Send_Byte &rArr; Eepr_AckWr
</UL>
<BR>[Calls]<UL><LI><a href="#[149]">&gt;&gt;</a>&nbsp;&nbsp;&nbsp;Init_System
<LI><a href="#[1e6]">&gt;&gt;</a>&nbsp;&nbsp;&nbsp;Init_Int
<LI><a href="#[1e5]">&gt;&gt;</a>&nbsp;&nbsp;&nbsp;Init_Dw80251
<LI><a href="#[47]">&gt;&gt;</a>&nbsp;&nbsp;&nbsp;Clear_Wdt
<LI><a href="#[a3]">&gt;&gt;</a>&nbsp;&nbsp;&nbsp;Card_Proc
<LI><a href="#[4a]">&gt;&gt;</a>&nbsp;&nbsp;&nbsp;Adc_Proc
<LI><a href="#[1cb]">&gt;&gt;</a>&nbsp;&nbsp;&nbsp;Vector_Event_Proc
<LI><a href="#[1b3]">&gt;&gt;</a>&nbsp;&nbsp;&nbsp;Sclock_Event_Proc
<LI><a href="#[113]">&gt;&gt;</a>&nbsp;&nbsp;&nbsp;Energy_Event_Proc
<LI><a href="#[da]">&gt;&gt;</a>&nbsp;&nbsp;&nbsp;Comm_Event_Proc
</UL>
<BR>[Address Reference Count : 1]<UL><LI> entry9a.o(.ARM.Collect$$$$0000000B)
</UL>
<P><STRONG><a name="[1df]"></a>sts_process_apdu_00_purchase</STRONG> (Thumb, 208 bytes, Stack size 24 bytes, sts.o(i.sts_process_apdu_00_purchase))
<BR><BR>[Stack]<UL><LI>Max Depth = 408<LI>Call Chain = sts_process_apdu_00_purchase &rArr; api_updata_APDU_TID_Record &rArr; I2C_Write_Eeprom &rArr; I2C_Write_Bottom &rArr; Sendaddr &rArr; I2c_Send_Byte &rArr; Eepr_AckWr
</UL>
<BR>[Calls]<UL><LI><a href="#[4d]">&gt;&gt;</a>&nbsp;&nbsp;&nbsp;Hex2Bcd
<LI><a href="#[1e7]">&gt;&gt;</a>&nbsp;&nbsp;&nbsp;STA
<LI><a href="#[1d5]">&gt;&gt;</a>&nbsp;&nbsp;&nbsp;Get_TID
<LI><a href="#[8f]">&gt;&gt;</a>&nbsp;&nbsp;&nbsp;__aeabi_uwrite4
<LI><a href="#[94]">&gt;&gt;</a>&nbsp;&nbsp;&nbsp;__aeabi_uread4
<LI><a href="#[1e8]">&gt;&gt;</a>&nbsp;&nbsp;&nbsp;checkSTS_crc
<LI><a href="#[1e4]">&gt;&gt;</a>&nbsp;&nbsp;&nbsp;api_updata_APDU_key_var
<LI><a href="#[1e3]">&gt;&gt;</a>&nbsp;&nbsp;&nbsp;api_updata_APDU_TOKEN_Record
<LI><a href="#[1e2]">&gt;&gt;</a>&nbsp;&nbsp;&nbsp;api_updata_APDU_TID_Record
<LI><a href="#[1d6]">&gt;&gt;</a>&nbsp;&nbsp;&nbsp;api_TIDVali_Judge
</UL>
<BR>[Called By]<UL><LI><a href="#[183]">&gt;&gt;</a>&nbsp;&nbsp;&nbsp;api_Handle_key_sts_code
</UL>

<P><STRONG><a name="[1e0]"></a>sts_process_apdu_01_test</STRONG> (Thumb, 244 bytes, Stack size 16 bytes, sts.o(i.sts_process_apdu_01_test))
<BR><BR>[Stack]<UL><LI>Max Depth = 44<LI>Call Chain = sts_process_apdu_01_test &rArr; checkSTS_crc
</UL>
<BR>[Calls]<UL><LI><a href="#[7b]">&gt;&gt;</a>&nbsp;&nbsp;&nbsp;__ARM_common_switch8
<LI><a href="#[8f]">&gt;&gt;</a>&nbsp;&nbsp;&nbsp;__aeabi_uwrite4
<LI><a href="#[5f]">&gt;&gt;</a>&nbsp;&nbsp;&nbsp;__aeabi_memcpy
<LI><a href="#[1e9]">&gt;&gt;</a>&nbsp;&nbsp;&nbsp;get_token_test_type
<LI><a href="#[1e8]">&gt;&gt;</a>&nbsp;&nbsp;&nbsp;checkSTS_crc
</UL>
<BR>[Called By]<UL><LI><a href="#[183]">&gt;&gt;</a>&nbsp;&nbsp;&nbsp;api_Handle_key_sts_code
</UL>

<P><STRONG><a name="[1e1]"></a>sts_process_apdu_02_set</STRONG> (Thumb, 190 bytes, Stack size 24 bytes, sts.o(i.sts_process_apdu_02_set))
<BR><BR>[Stack]<UL><LI>Max Depth = 416<LI>Call Chain = sts_process_apdu_02_set &rArr; api_APDU_set_key_second &rArr; api_Change_Key &rArr; api_set_APDU_TID_Record &rArr; I2C_Write_Eeprom &rArr; I2C_Write_Bottom &rArr; Sendaddr &rArr; I2c_Send_Byte &rArr; Eepr_AckWr
</UL>
<BR>[Calls]<UL><LI><a href="#[1d9]">&gt;&gt;</a>&nbsp;&nbsp;&nbsp;api_APDU_set_key_second
<LI><a href="#[1d7]">&gt;&gt;</a>&nbsp;&nbsp;&nbsp;api_APDU_set_key_frist
<LI><a href="#[1d4]">&gt;&gt;</a>&nbsp;&nbsp;&nbsp;api_APDU_clear_balance
<LI><a href="#[1e7]">&gt;&gt;</a>&nbsp;&nbsp;&nbsp;STA
<LI><a href="#[94]">&gt;&gt;</a>&nbsp;&nbsp;&nbsp;__aeabi_uread4
<LI><a href="#[1e8]">&gt;&gt;</a>&nbsp;&nbsp;&nbsp;checkSTS_crc
<LI><a href="#[1e4]">&gt;&gt;</a>&nbsp;&nbsp;&nbsp;api_updata_APDU_key_var
<LI><a href="#[1e2]">&gt;&gt;</a>&nbsp;&nbsp;&nbsp;api_updata_APDU_TID_Record
<LI><a href="#[1da]">&gt;&gt;</a>&nbsp;&nbsp;&nbsp;api_APDU_set_power_limit
</UL>
<BR>[Called By]<UL><LI><a href="#[183]">&gt;&gt;</a>&nbsp;&nbsp;&nbsp;api_Handle_key_sts_code
</UL>

<P><STRONG><a name="[1ac]"></a>sub_delay</STRONG> (Thumb, 30 bytes, Stack size 0 bytes, i2c.o(i.sub_delay))
<BR><BR>[Called By]<UL><LI><a href="#[d5]">&gt;&gt;</a>&nbsp;&nbsp;&nbsp;Read_Rtc
</UL>

<P><STRONG><a name="[10a]"></a>us_delay</STRONG> (Thumb, 18 bytes, Stack size 0 bytes, i2c.o(i.us_delay))
<BR><BR>[Called By]<UL><LI><a href="#[141]">&gt;&gt;</a>&nbsp;&nbsp;&nbsp;I2c_Send_Byte
<LI><a href="#[13e]">&gt;&gt;</a>&nbsp;&nbsp;&nbsp;I2c_Receive_Byte
<LI><a href="#[10f]">&gt;&gt;</a>&nbsp;&nbsp;&nbsp;Eepr_Stop
<LI><a href="#[10e]">&gt;&gt;</a>&nbsp;&nbsp;&nbsp;Eepr_Start
<LI><a href="#[10d]">&gt;&gt;</a>&nbsp;&nbsp;&nbsp;Eepr_AckWr
<LI><a href="#[109]">&gt;&gt;</a>&nbsp;&nbsp;&nbsp;Eepr_AckRd
</UL>
<P>
<H3>
Local Symbols
</H3>
<P><STRONG><a name="[20]"></a>__CHIP_INIT</STRONG> (Thumb, 438 bytes, Stack size 0 bytes, startup_v85xx.o(.ARM.__AT_0xC0))
<BR>[Address Reference Count : 1]<UL><LI> startup_v85xx.o(.ARM.__AT_0xC0)
</UL>
<P><STRONG><a name="[198]"></a>NVIC_DisableIRQ</STRONG> (Thumb, 14 bytes, Stack size 0 bytes, fm17520.o(i.NVIC_DisableIRQ))
<BR><BR>[Called By]<UL><LI><a href="#[a7]">&gt;&gt;</a>&nbsp;&nbsp;&nbsp;Release_Rf
<LI><a href="#[a5]">&gt;&gt;</a>&nbsp;&nbsp;&nbsp;RF_Init
</UL>

<P><STRONG><a name="[199]"></a>NVIC_EnableIRQ</STRONG> (Thumb, 14 bytes, Stack size 0 bytes, fm17520.o(i.NVIC_EnableIRQ))
<BR><BR>[Called By]<UL><LI><a href="#[a7]">&gt;&gt;</a>&nbsp;&nbsp;&nbsp;Release_Rf
<LI><a href="#[a5]">&gt;&gt;</a>&nbsp;&nbsp;&nbsp;RF_Init
</UL>

<P><STRONG><a name="[10b]"></a>NVIC_DisableIRQ</STRONG> (Thumb, 14 bytes, Stack size 0 bytes, i2c.o(i.NVIC_DisableIRQ))
<BR><BR>[Called By]<UL><LI><a href="#[141]">&gt;&gt;</a>&nbsp;&nbsp;&nbsp;I2c_Send_Byte
<LI><a href="#[13e]">&gt;&gt;</a>&nbsp;&nbsp;&nbsp;I2c_Receive_Byte
<LI><a href="#[10f]">&gt;&gt;</a>&nbsp;&nbsp;&nbsp;Eepr_Stop
<LI><a href="#[10e]">&gt;&gt;</a>&nbsp;&nbsp;&nbsp;Eepr_Start
<LI><a href="#[10d]">&gt;&gt;</a>&nbsp;&nbsp;&nbsp;Eepr_AckWr
<LI><a href="#[109]">&gt;&gt;</a>&nbsp;&nbsp;&nbsp;Eepr_AckRd
</UL>

<P><STRONG><a name="[10c]"></a>NVIC_EnableIRQ</STRONG> (Thumb, 14 bytes, Stack size 0 bytes, i2c.o(i.NVIC_EnableIRQ))
<BR><BR>[Called By]<UL><LI><a href="#[141]">&gt;&gt;</a>&nbsp;&nbsp;&nbsp;I2c_Send_Byte
<LI><a href="#[13e]">&gt;&gt;</a>&nbsp;&nbsp;&nbsp;I2c_Receive_Byte
<LI><a href="#[10f]">&gt;&gt;</a>&nbsp;&nbsp;&nbsp;Eepr_Stop
<LI><a href="#[10e]">&gt;&gt;</a>&nbsp;&nbsp;&nbsp;Eepr_Start
<LI><a href="#[10d]">&gt;&gt;</a>&nbsp;&nbsp;&nbsp;Eepr_AckWr
<LI><a href="#[109]">&gt;&gt;</a>&nbsp;&nbsp;&nbsp;Eepr_AckRd
</UL>

<P><STRONG><a name="[14d]"></a>NVIC_DisableIRQ</STRONG> (Thumb, 14 bytes, Stack size 0 bytes, init.o(i.NVIC_DisableIRQ))
<BR><BR>[Called By]<UL><LI><a href="#[149]">&gt;&gt;</a>&nbsp;&nbsp;&nbsp;Init_System
</UL>

<P><STRONG><a name="[14f]"></a>NVIC_EnableIRQ</STRONG> (Thumb, 14 bytes, Stack size 0 bytes, init.o(i.NVIC_EnableIRQ))
<BR><BR>[Called By]<UL><LI><a href="#[149]">&gt;&gt;</a>&nbsp;&nbsp;&nbsp;Init_System
</UL>

<P><STRONG><a name="[1cd]"></a>NVIC_EnableIRQ</STRONG> (Thumb, 14 bytes, Stack size 0 bytes, verify.o(i.NVIC_EnableIRQ))
<BR><BR>[Called By]<UL><LI><a href="#[153]">&gt;&gt;</a>&nbsp;&nbsp;&nbsp;Veri_Uart_All
<LI><a href="#[14b]">&gt;&gt;</a>&nbsp;&nbsp;&nbsp;Veri_Pad
<LI><a href="#[1d0]">&gt;&gt;</a>&nbsp;&nbsp;&nbsp;Veri_Rtc
<LI><a href="#[1cc]">&gt;&gt;</a>&nbsp;&nbsp;&nbsp;Veri_5msClk_Gen
</UL>

<P><STRONG><a name="[1cf]"></a>NVIC_SetPriority</STRONG> (Thumb, 110 bytes, Stack size 8 bytes, verify.o(i.NVIC_SetPriority))
<BR><BR>[Stack]<UL><LI>Max Depth = 8<LI>Call Chain = NVIC_SetPriority
</UL>
<BR>[Called By]<UL><LI><a href="#[153]">&gt;&gt;</a>&nbsp;&nbsp;&nbsp;Veri_Uart_All
<LI><a href="#[14b]">&gt;&gt;</a>&nbsp;&nbsp;&nbsp;Veri_Pad
<LI><a href="#[1d0]">&gt;&gt;</a>&nbsp;&nbsp;&nbsp;Veri_Rtc
</UL>

<P><STRONG><a name="[e7]"></a>NVIC_DisableIRQ</STRONG> (Thumb, 14 bytes, Stack size 0 bytes, v85xx_isr.o(i.NVIC_DisableIRQ))
<BR><BR>[Called By]<UL><LI><a href="#[dd]">&gt;&gt;</a>&nbsp;&nbsp;&nbsp;Sleep
<LI><a href="#[171]">&gt;&gt;</a>&nbsp;&nbsp;&nbsp;Lcdled_Control
<LI><a href="#[15]">&gt;&gt;</a>&nbsp;&nbsp;&nbsp;TMR1_IRQHandler
<LI><a href="#[14]">&gt;&gt;</a>&nbsp;&nbsp;&nbsp;TMR0_IRQHandler
<LI><a href="#[1b7]">&gt;&gt;</a>&nbsp;&nbsp;&nbsp;Store_Data
<LI><a href="#[e5]">&gt;&gt;</a>&nbsp;&nbsp;&nbsp;Configure_Register_Sleep
</UL>

<P><STRONG><a name="[e6]"></a>NVIC_EnableIRQ</STRONG> (Thumb, 14 bytes, Stack size 0 bytes, v85xx_isr.o(i.NVIC_EnableIRQ))
<BR><BR>[Called By]<UL><LI><a href="#[dd]">&gt;&gt;</a>&nbsp;&nbsp;&nbsp;Sleep
<LI><a href="#[171]">&gt;&gt;</a>&nbsp;&nbsp;&nbsp;Lcdled_Control
<LI><a href="#[14]">&gt;&gt;</a>&nbsp;&nbsp;&nbsp;TMR0_IRQHandler
<LI><a href="#[1b7]">&gt;&gt;</a>&nbsp;&nbsp;&nbsp;Store_Data
<LI><a href="#[e5]">&gt;&gt;</a>&nbsp;&nbsp;&nbsp;Configure_Register_Sleep
</UL>
<P>
<H3>
Undefined Global Symbols
</H3><HR></body></html>
